Archive member included to satisfy reference by file (symbol)

C:/ST/STM32CubeIDE_1.16.1/STM32CubeIDE/plugins/com.st.stm32cube.ide.mcu.externaltools.gnu-tools-for-stm32.12.3.rel1.win32_1.0.200.202406191623/tools/bin/../lib/gcc/arm-none-eabi/12.3.1/../../../../arm-none-eabi/lib/thumb/v7e-m+fp/hard\libc_nano.a(libc_a-atoi.o)
                              ./Core/Src/cdc_control.o (atoi)
C:/ST/STM32CubeIDE_1.16.1/STM32CubeIDE/plugins/com.st.stm32cube.ide.mcu.externaltools.gnu-tools-for-stm32.12.3.rel1.win32_1.0.200.202406191623/tools/bin/../lib/gcc/arm-none-eabi/12.3.1/../../../../arm-none-eabi/lib/thumb/v7e-m+fp/hard\libc_nano.a(libc_a-exit.o)
                              C:/ST/STM32CubeIDE_1.16.1/STM32CubeIDE/plugins/com.st.stm32cube.ide.mcu.externaltools.gnu-tools-for-stm32.12.3.rel1.win32_1.0.200.202406191623/tools/bin/../lib/gcc/arm-none-eabi/12.3.1/../../../../arm-none-eabi/lib/thumb/v7e-m+fp/hard/crt0.o (exit)
C:/ST/STM32CubeIDE_1.16.1/STM32CubeIDE/plugins/com.st.stm32cube.ide.mcu.externaltools.gnu-tools-for-stm32.12.3.rel1.win32_1.0.200.202406191623/tools/bin/../lib/gcc/arm-none-eabi/12.3.1/../../../../arm-none-eabi/lib/thumb/v7e-m+fp/hard\libc_nano.a(libc_a-strtol.o)
                              C:/ST/STM32CubeIDE_1.16.1/STM32CubeIDE/plugins/com.st.stm32cube.ide.mcu.externaltools.gnu-tools-for-stm32.12.3.rel1.win32_1.0.200.202406191623/tools/bin/../lib/gcc/arm-none-eabi/12.3.1/../../../../arm-none-eabi/lib/thumb/v7e-m+fp/hard\libc_nano.a(libc_a-atoi.o) (_strtol_r)
C:/ST/STM32CubeIDE_1.16.1/STM32CubeIDE/plugins/com.st.stm32cube.ide.mcu.externaltools.gnu-tools-for-stm32.12.3.rel1.win32_1.0.200.202406191623/tools/bin/../lib/gcc/arm-none-eabi/12.3.1/../../../../arm-none-eabi/lib/thumb/v7e-m+fp/hard\libc_nano.a(libc_a-ctype_.o)
                              C:/ST/STM32CubeIDE_1.16.1/STM32CubeIDE/plugins/com.st.stm32cube.ide.mcu.externaltools.gnu-tools-for-stm32.12.3.rel1.win32_1.0.200.202406191623/tools/bin/../lib/gcc/arm-none-eabi/12.3.1/../../../../arm-none-eabi/lib/thumb/v7e-m+fp/hard\libc_nano.a(libc_a-strtol.o) (_ctype_)
C:/ST/STM32CubeIDE_1.16.1/STM32CubeIDE/plugins/com.st.stm32cube.ide.mcu.externaltools.gnu-tools-for-stm32.12.3.rel1.win32_1.0.200.202406191623/tools/bin/../lib/gcc/arm-none-eabi/12.3.1/../../../../arm-none-eabi/lib/thumb/v7e-m+fp/hard\libc_nano.a(libc_a-findfp.o)
                              C:/ST/STM32CubeIDE_1.16.1/STM32CubeIDE/plugins/com.st.stm32cube.ide.mcu.externaltools.gnu-tools-for-stm32.12.3.rel1.win32_1.0.200.202406191623/tools/bin/../lib/gcc/arm-none-eabi/12.3.1/../../../../arm-none-eabi/lib/thumb/v7e-m+fp/hard\libc_nano.a(libc_a-exit.o) (__stdio_exit_handler)
C:/ST/STM32CubeIDE_1.16.1/STM32CubeIDE/plugins/com.st.stm32cube.ide.mcu.externaltools.gnu-tools-for-stm32.12.3.rel1.win32_1.0.200.202406191623/tools/bin/../lib/gcc/arm-none-eabi/12.3.1/../../../../arm-none-eabi/lib/thumb/v7e-m+fp/hard\libc_nano.a(libc_a-fwalk.o)
                              C:/ST/STM32CubeIDE_1.16.1/STM32CubeIDE/plugins/com.st.stm32cube.ide.mcu.externaltools.gnu-tools-for-stm32.12.3.rel1.win32_1.0.200.202406191623/tools/bin/../lib/gcc/arm-none-eabi/12.3.1/../../../../arm-none-eabi/lib/thumb/v7e-m+fp/hard\libc_nano.a(libc_a-findfp.o) (_fwalk_sglue)
C:/ST/STM32CubeIDE_1.16.1/STM32CubeIDE/plugins/com.st.stm32cube.ide.mcu.externaltools.gnu-tools-for-stm32.12.3.rel1.win32_1.0.200.202406191623/tools/bin/../lib/gcc/arm-none-eabi/12.3.1/../../../../arm-none-eabi/lib/thumb/v7e-m+fp/hard\libc_nano.a(libc_a-snprintf.o)
                              ./Core/Src/cdc_control.o (snprintf)
C:/ST/STM32CubeIDE_1.16.1/STM32CubeIDE/plugins/com.st.stm32cube.ide.mcu.externaltools.gnu-tools-for-stm32.12.3.rel1.win32_1.0.200.202406191623/tools/bin/../lib/gcc/arm-none-eabi/12.3.1/../../../../arm-none-eabi/lib/thumb/v7e-m+fp/hard\libc_nano.a(libc_a-stdio.o)
                              C:/ST/STM32CubeIDE_1.16.1/STM32CubeIDE/plugins/com.st.stm32cube.ide.mcu.externaltools.gnu-tools-for-stm32.12.3.rel1.win32_1.0.200.202406191623/tools/bin/../lib/gcc/arm-none-eabi/12.3.1/../../../../arm-none-eabi/lib/thumb/v7e-m+fp/hard\libc_nano.a(libc_a-findfp.o) (__sread)
C:/ST/STM32CubeIDE_1.16.1/STM32CubeIDE/plugins/com.st.stm32cube.ide.mcu.externaltools.gnu-tools-for-stm32.12.3.rel1.win32_1.0.200.202406191623/tools/bin/../lib/gcc/arm-none-eabi/12.3.1/../../../../arm-none-eabi/lib/thumb/v7e-m+fp/hard\libc_nano.a(libc_a-memset.o)
                              C:/ST/STM32CubeIDE_1.16.1/STM32CubeIDE/plugins/com.st.stm32cube.ide.mcu.externaltools.gnu-tools-for-stm32.12.3.rel1.win32_1.0.200.202406191623/tools/bin/../lib/gcc/arm-none-eabi/12.3.1/../../../../arm-none-eabi/lib/thumb/v7e-m+fp/hard/crt0.o (memset)
C:/ST/STM32CubeIDE_1.16.1/STM32CubeIDE/plugins/com.st.stm32cube.ide.mcu.externaltools.gnu-tools-for-stm32.12.3.rel1.win32_1.0.200.202406191623/tools/bin/../lib/gcc/arm-none-eabi/12.3.1/../../../../arm-none-eabi/lib/thumb/v7e-m+fp/hard\libc_nano.a(libc_a-strncpy.o)
                              ./Core/Src/cdc_control.o (strncpy)
[...]
Memory Configuration

Name             Origin             Length             Attributes
RAM              0x20000000         0x00020000         xrw
FLASH            0x08000000         0x00080000         xr
*default*        0x00000000         0xffffffff

Linker script and memory map

LOAD C:/ST/STM32CubeIDE_1.16.1/STM32CubeIDE/plugins/com.st.stm32cube.ide.mcu.externaltools.gnu-tools-for-stm32.12.3.rel1.win32_1.0.200.202406191623/tools/bin/../lib/gcc/arm-none-eabi/12.3.1/thumb/v7e-m+fp/hard/crti.o
LOAD C:/ST/STM32CubeIDE_1.16.1/STM32CubeIDE/plugins/com.st.stm32cube.ide.mcu.externaltools.gnu-tools-for-stm32.12.3.rel1.win32_1.0.200.202406191623/tools/bin/../lib/gcc/arm-none-eabi/12.3.1/thumb/v7e-m+fp/hard/crtbegin.o
LOAD C:/ST/STM32CubeIDE_1.16.1/STM32CubeIDE/plugins/com.st.stm32cube.ide.mcu.externaltools.gnu-tools-for-stm32.12.3.rel1.win32_1.0.200.202406191623/tools/bin/../lib/gcc/arm-none-eabi/12.3.1/../../../../arm-none-eabi/lib/thumb/v7e-m+fp/hard/crt0.o
LOAD ./Core/Src/ad5254.o
LOAD ./Core/Src/cdc_control.o
LOAD ./Core/Src/hx711.o
LOAD ./Core/Src/main.o
LOAD ./Core/Src/stm32f4xx_hal_msp.o
LOAD ./Core/Src/stm32f4xx_it.o
LOAD ./Core/Src/syscalls.o
LOAD ./Core/Src/sysmem.o
LOAD ./Core/Src/system_stm32f4xx.o
LOAD ./Core/Startup/startup_stm32f411ceux.o
LOAD ./Drivers/STM32F4xx_HAL_Driver/Src/stm32f4xx_hal.o
LOAD ./Drivers/STM32F4xx_HAL_Driver/Src/stm32f4xx_hal_cortex.o
LOAD ./Drivers/STM32F4xx_HAL_Driver/Src/stm32f4xx_hal_dma.o
LOAD ./Drivers/STM32F4xx_HAL_Driver/Src/stm32f4xx_hal_dma_ex.o
LOAD ./Drivers/STM32F4xx_HAL_Driver/Src/stm32f4xx_hal_exti.o
LOAD ./Drivers/STM32F4xx_HAL_Driver/Src/stm32f4xx_hal_flash.o
LOAD ./Drivers/STM32F4xx_HAL_Driver/Src/stm32f4xx_hal_flash_ex.o
LOAD ./Drivers/STM32F4xx_HAL_Driver/Src/stm32f4xx_hal_flash_ramfunc.o
LOAD ./Drivers/STM32F4xx_HAL_Driver/Src/stm32f4xx_hal_gpio.o
LOAD ./Drivers/STM32F4xx_HAL_Driver/Src/stm32f4xx_hal_i2c.o
LOAD ./Drivers/STM32F4xx_HAL_Driver/Src/stm32f4xx_hal_i2c_ex.o
LOAD ./Drivers/STM32F4xx_HAL_Driver/Src/stm32f4xx_hal_pcd.o
LOAD ./Drivers/STM32F4xx_HAL_Driver/Src/stm32f4xx_hal_pcd_ex.o
LOAD ./Drivers/STM32F4xx_HAL_Driver/Src/stm32f4xx_hal_pwr.o
LOAD ./Drivers/STM32F4xx_HAL_Driver/Src/stm32f4xx_hal_pwr_ex.o
LOAD ./Drivers/STM32F4xx_HAL_Driver/Src/stm32f4xx_hal_rcc.o
LOAD ./Drivers/STM32F4xx_HAL_Driver/Src/stm32f4xx_hal_rcc_ex.o
LOAD ./Drivers/STM32F4xx_HAL_Driver/Src/stm32f4xx_hal_tim.o
LOAD ./Drivers/STM32F4xx_HAL_Driver/Src/stm32f4xx_hal_tim_ex.o
LOAD ./Drivers/STM32F4xx_HAL_Driver/Src/stm32f4xx_ll_usb.o
LOAD ./Middlewares/ST/STM32_USB_Device_Library/Class/CDC/Src/usbd_cdc.o
LOAD ./Middlewares/ST/STM32_USB_Device_Library/Core/Src/usbd_core.o
LOAD ./Middlewares/ST/STM32_USB_Device_Library/Core/Src/usbd_ctlreq.o
LOAD ./Middlewares/ST/STM32_USB_Device_Library/Core/Src/usbd_ioreq.o
LOAD ./USB_DEVICE/App/usb_device.o
LOAD ./USB_DEVICE/App/usbd_cdc_if.o
LOAD ./USB_DEVICE/App/usbd_desc.o
LOAD ./USB_DEVICE/Target/usbd_conf.o
START GROUP
LOAD C:/ST/STM32CubeIDE_1.16.1/STM32CubeIDE/plugins/com.st.stm32cube.ide.mcu.externaltools.gnu-tools-for-stm32.12.3.rel1.win32_1.0.200.202406191623/tools/bin/../lib/gcc/arm-none-eabi/12.3.1/../../../../arm-none-eabi/lib/thumb/v7e-m+fp/hard\libc_nano.a
LOAD C:/ST/STM32CubeIDE_1.16.1/STM32CubeIDE/plugins/com.st.stm32cube.ide.mcu.externaltools.gnu-tools-for-stm32.12.3.rel1.win32_1.0.200.202406191623/tools/bin/../lib/gcc/arm-none-eabi/12.3.1/../../../../arm-none-eabi/lib/thumb/v7e-m+fp/hard\libm.a
END GROUP
START GROUP
LOAD C:/ST/STM32CubeIDE_1.16.1/STM32CubeIDE/plugins/com.st.stm32cube.ide.mcu.externaltools.gnu-tools-for-stm32.12.3.rel1.win32_1.0.200.202406191623/tools/bin/../lib/gcc/arm-none-eabi/12.3.1/thumb/v7e-m+fp/hard\libgcc.a
LOAD C:/ST/STM32CubeIDE_1.16.1/STM32CubeIDE/plugins/com.st.stm32cube.ide.mcu.externaltools.gnu-tools-for-stm32.12.3.rel1.win32_1.0.200.202406191623/tools/bin/../lib/gcc/arm-none-eabi/12.3.1/../../../../arm-none-eabi/lib/thumb/v7e-m+fp/hard\libc_nano.a
END GROUP
START GROUP
LOAD C:/ST/STM32CubeIDE_1.16.1/STM32CubeIDE/plugins/com.st.stm32cube.ide.mcu.externaltools.gnu-tools-for-stm32.12.3.rel1.win32_1.0.200.202406191623/tools/bin/../lib/gcc/arm-none-eabi/12.3.1/thumb/v7e-m+fp/hard\libgcc.a
LOAD C:/ST/STM32CubeIDE_1.16.1/STM32CubeIDE/plugins/com.st.stm32cube.ide.mcu.externaltools.gnu-tools-for-stm32.12.3.rel1.win32_1.0.200.202406191623/tools/bin/../lib/gcc/arm-none-eabi/12.3.1/../../../../arm-none-eabi/lib/thumb/v7e-m+fp/hard\libc_nano.a
LOAD C:/ST/STM32CubeIDE_1.16.1/STM32CubeIDE/plugins/com.st.stm32cube.ide.mcu.externaltools.gnu-tools-for-stm32.12.3.rel1.win32_1.0.200.202406191623/tools/bin/../lib/gcc/arm-none-eabi/12.3.1/../../../../arm-none-eabi/lib/thumb/v7e-m+fp/hard\libnosys.a
END GROUP
START GROUP
LOAD C:/ST/STM32CubeIDE_1.16.1/STM32CubeIDE/plugins/com.st.stm32cube.ide.mcu.externaltools.gnu-tools-for-stm32.12.3.rel1.win32_1.0.200.202406191623/tools/bin/../lib/gcc/arm-none-eabi/12.3.1/thumb/v7e-m+fp/hard\libgcc.a
LOAD C:/ST/STM32CubeIDE_1.16.1/STM32CubeIDE/plugins/com.st.stm32cube.ide.mcu.externaltools.gnu-tools-for-stm32.12.3.rel1.win32_1.0.200.202406191623/tools/bin/../lib/gcc/arm-none-eabi/12.3.1/../../../../arm-none-eabi/lib/thumb/v7e-m+fp/hard\libc_nano.a
LOAD C:/ST/STM32CubeIDE_1.16.1/STM32CubeIDE/plugins/com.st.stm32cube.ide.mcu.externaltools.gnu-tools-for-stm32.12.3.rel1.win32_1.0.200.202406191623/tools/bin/../lib/gcc/arm-none-eabi/12.3.1/../../../../arm-none-eabi/lib/thumb/v7e-m+fp/hard\libnosys.a
END GROUP
LOAD C:/ST/STM32CubeIDE_1.16.1/STM32CubeIDE/plugins/com.st.stm32cube.ide.mcu.externaltools.gnu-tools-for-stm32.12.3.rel1.win32_1.0.200.202406191623/tools/bin/../lib/gcc/arm-none-eabi/12.3.1/thumb/v7e-m+fp/hard/crtend.o
LOAD C:/ST/STM32CubeIDE_1.16.1/STM32CubeIDE/plugins/com.st.stm32cube.ide.mcu.externaltools.gnu-tools-for-stm32.12.3.rel1.win32_1.0.200.202406191623/tools/bin/../lib/gcc/arm-none-eabi/12.3.1/thumb/v7e-m+fp/hard/crtn.o
                0x20020000                        _estack = (ORIGIN (RAM) + LENGTH (RAM))
                0x00000200                        _Min_Heap_Size = 0x200
                0x00000400                        _Min_Stack_Size = 0x400

.isr_vector     0x08000000      0x198
                0x08000000                        . = ALIGN (0x4)
 *(.isr_vector)
 .isr_vector    0x08000000      0x198 ./Core/Startup/startup_stm32f411ceux.o
                0x08000000                g_pfnVectors
                0x08000198                        . = ALIGN (0x4)

.text           0x080001a0     0xb468
                0x080001a0                        . = ALIGN (0x4)
 *(.text)
 .text          0x080001a0       0x40 C:/ST/STM32CubeIDE_1.16.1/STM32CubeIDE/plugins/com.st.stm32cube.ide.mcu.externaltools.gnu-tools-for-stm32.12.3.rel1.win32_1.0.200.202406191623/tools/bin/../lib/gcc/arm-none-eabi/12.3.1/thumb/v7e-m+fp/hard/crtbegin.o
 .text          0x080001e0       0x14 C:/ST/STM32CubeIDE_1.16.1/STM32CubeIDE/plugins/com.st.stm32cube.ide.mcu.externaltools.gnu-tools-for-stm32.12.3.rel1.win32_1.0.200.202406191623/tools/bin/../lib/gcc/arm-none-eabi/12.3.1/../../../../arm-none-eabi/lib/thumb/v7e-m+fp/hard\libc_nano.a(libc_a-strcmp.o)
                0x080001e0                strcmp
 .text          0x080001f4       0x10 C:/ST/STM32CubeIDE_1.16.1/STM32CubeIDE/plugins/com.st.stm32cube.ide.mcu.externaltools.gnu-tools-for-stm32.12.3.rel1.win32_1.0.200.202406191623/tools/bin/../lib/gcc/arm-none-eabi/12.3.1/../../../../arm-none-eabi/lib/thumb/v7e-m+fp/hard\libc_nano.a(libc_a-strlen.o)
                0x080001f4                strlen
 *fill*         0x08000204        0xc 
 .text          0x08000210       0xa0 C:/ST/STM32CubeIDE_1.16.1/STM32CubeIDE/plugins/com.st.stm32cube.ide.mcu.externaltools.gnu-tools-for-stm32.12.3.rel1.win32_1.0.200.202406191623/tools/bin/../lib/gcc/arm-none-eabi/12.3.1/../../../../arm-none-eabi/lib/thumb/v7e-m+fp/hard\libc_nano.a(libc_a-memchr.o)
                0x08000210                memchr
 .text          0x080002b0       0x30 C:/ST/STM32CubeIDE_1.16.1/STM32CubeIDE/plugins/com.st.stm32cube.ide.mcu.externaltools.gnu-tools-for-stm32.12.3.rel1.win32_1.0.200.202406191623/tools/bin/../lib/gcc/arm-none-eabi/12.3.1/thumb/v7e-m+fp/hard\libgcc.a(_aeabi_uldivmod.o)
                0x080002b0                __aeabi_uldivmod
 .text          0x080002e0      0x2bc C:/ST/STM32CubeIDE_1.16.1/STM32CubeIDE/plugins/com.st.stm32cube.ide.mcu.externaltools.gnu-tools-for-stm32.12.3.rel1.win32_1.0.200.202406191623/tools/bin/../lib/gcc/arm-none-eabi/12.3.1/thumb/v7e-m+fp/hard\libgcc.a(_udivmoddi4.o)
                0x080002e0                __udivmoddi4
 .text          0x0800059c        0x4 C:/ST/STM32CubeIDE_1.16.1/STM32CubeIDE/plugins/com.st.stm32cube.ide.mcu.externaltools.gnu-tools-for-stm32.12.3.rel1.win32_1.0.200.202406191623/tools/bin/../lib/gcc/arm-none-eabi/12.3.1/thumb/v7e-m+fp/hard\libgcc.a(_dvmd_tls.o)
                0x0800059c                __aeabi_idiv0
                0x0800059c                __aeabi_ldiv0
 *(.text*)
 .text.AD5254_SetValue
                0x080005a0       0x36 ./Core/Src/ad5254.o
                0x080005a0                AD5254_SetValue
 .text.AD5254_GetValue
                0x080005d6       0x48 ./Core/Src/ad5254.o
                0x080005d6                AD5254_GetValue
 .text.CDC_SendResponse
                0x0800061e       0x22 ./Core/Src/cdc_control.o
                0x0800061e                CDC_SendResponse
 .text.CDC_ReceiveCallback
                0x08000640       0x38 ./Core/Src/cdc_control.o
                0x08000640                CDC_ReceiveCallback
 .text.trim_command
                0x08000678       0x74 ./Core/Src/cdc_control.o
                0x08000678                trim_command
 .text.parse_command
                0x080006ec       0xb4 ./Core/Src/cdc_control.o
                0x080006ec                parse_command
 .text.CDC_GPIOHandler
                0x080007a0      0x108 ./Core/Src/cdc_control.o
                0x080007a0                CDC_GPIOHandler
 .text.CDC_POTHandler
                0x080008a8      0x110 ./Core/Src/cdc_control.o
                0x080008a8                CDC_POTHandler
 .text.CDC_ProcessCommand
                0x080009b8      0x804 ./Core/Src/cdc_control.o
                0x080009b8                CDC_ProcessCommand
 .text.HX711_SetGain
                0x080011bc       0x20 ./Core/Src/hx711.o
                0x080011bc                HX711_SetGain
 .text.HX711_Read
                0x080011dc       0xd8 ./Core/Src/hx711.o
                0x080011dc                HX711_Read
 .text.main     0x080012b4       0x2c ./Core/Src/main.o
                0x080012b4                main
 .text.SystemClock_Config
                0x080012e0       0xd4 ./Core/Src/main.o
                0x080012e0                SystemClock_Config
 .text.MX_I2C1_Init
                0x080013b4       0x5c ./Core/Src/main.o
 .text.MX_TIM2_Init
                0x08001410       0xa8 ./Core/Src/main.o
 .text.MX_TIM3_Init
                0x080014b8       0xa8 ./Core/Src/main.o
 .text.MX_TIM4_Init
                0x08001560       0xa0 ./Core/Src/main.o
 .text.MX_TIM5_Init
                0x08001600       0xb0 ./Core/Src/main.o
 .text.MX_GPIO_Init
                0x080016b0      0x140 ./Core/Src/main.o
 .text.Error_Handler
                0x080017f0        0xc ./Core/Src/main.o
                0x080017f0                Error_Handler
 .text.HAL_MspInit
                0x080017fc       0x50 ./Core/Src/stm32f4xx_hal_msp.o
                0x080017fc                HAL_MspInit
 .text.HAL_I2C_MspInit
                0x0800184c       0x90 ./Core/Src/stm32f4xx_hal_msp.o
                0x0800184c                HAL_I2C_MspInit
 .text.HAL_TIM_Encoder_MspInit
                0x080018dc       0xf4 ./Core/Src/stm32f4xx_hal_msp.o
                0x080018dc                HAL_TIM_Encoder_MspInit
 .text.HAL_TIM_Base_MspInit
                0x080019d0       0x50 ./Core/Src/stm32f4xx_hal_msp.o
                0x080019d0                HAL_TIM_Base_MspInit
 .text.HAL_TIM_PWM_MspInit
                0x08001a20       0x44 ./Core/Src/stm32f4xx_hal_msp.o
                0x08001a20                HAL_TIM_PWM_MspInit
 .text.HAL_TIM_MspPostInit
                0x08001a64       0x74 ./Core/Src/stm32f4xx_hal_msp.o
                0x08001a64                HAL_TIM_MspPostInit
 .text.NMI_Handler
                0x08001ad8        0x8 ./Core/Src/stm32f4xx_it.o
                0x08001ad8                NMI_Handler
 .text.HardFault_Handler
                0x08001ae0        0x8 ./Core/Src/stm32f4xx_it.o
                0x08001ae0                HardFault_Handler
 .text.MemManage_Handler
                0x08001ae8        0x8 ./Core/Src/stm32f4xx_it.o
                0x08001ae8                MemManage_Handler
 .text.BusFault_Handler
                0x08001af0        0x8 ./Core/Src/stm32f4xx_it.o
                0x08001af0                BusFault_Handler
 .text.UsageFault_Handler
                0x08001af8        0x8 ./Core/Src/stm32f4xx_it.o
                0x08001af8                UsageFault_Handler
 .text.SVC_Handler
                0x08001b00        0xe ./Core/Src/stm32f4xx_it.o
                0x08001b00                SVC_Handler
 .text.DebugMon_Handler
                0x08001b0e        0xe ./Core/Src/stm32f4xx_it.o
                0x08001b0e                DebugMon_Handler
 .text.PendSV_Handler
                0x08001b1c        0xe ./Core/Src/stm32f4xx_it.o
                0x08001b1c                PendSV_Handler
 .text.SysTick_Handler
                0x08001b2a        0xc ./Core/Src/stm32f4xx_it.o
                0x08001b2a                SysTick_Handler
 *fill*         0x08001b36        0x2 
 .text.TIM4_IRQHandler
                0x08001b38       0x14 ./Core/Src/stm32f4xx_it.o
                0x08001b38                TIM4_IRQHandler
 .text.OTG_FS_IRQHandler
                0x08001b4c       0x14 ./Core/Src/stm32f4xx_it.o
                0x08001b4c                OTG_FS_IRQHandler
 .text._getpid  0x08001b60       0x10 ./Core/Src/syscalls.o
                0x08001b60                _getpid
 .text._kill    0x08001b70       0x20 ./Core/Src/syscalls.o
                0x08001b70                _kill
 .text._exit    0x08001b90       0x16 ./Core/Src/syscalls.o
                0x08001b90                _exit
 .text._read    0x08001ba6       0x3a ./Core/Src/syscalls.o
                0x08001ba6                _read
 .text._write   0x08001be0       0x38 ./Core/Src/syscalls.o
                0x08001be0                _write
 .text._close   0x08001c18       0x18 ./Core/Src/syscalls.o
                0x08001c18                _close
 .text._fstat   0x08001c30       0x20 ./Core/Src/syscalls.o
                0x08001c30                _fstat
 .text._isatty  0x08001c50       0x16 ./Core/Src/syscalls.o
                0x08001c50                _isatty
 .text._lseek   0x08001c66       0x1a ./Core/Src/syscalls.o
                0x08001c66                _lseek
 .text._sbrk    0x08001c80       0x6c ./Core/Src/sysmem.o
                0x08001c80                _sbrk
 .text.SystemInit
                0x08001cec       0x24 ./Core/Src/system_stm32f4xx.o
                0x08001cec                SystemInit
 .text.Reset_Handler
                0x08001d10       0x50 ./Core/Startup/startup_stm32f411ceux.o
                0x08001d10                Reset_Handler
 .text.Default_Handler
                0x08001d60        0x2 ./Core/Startup/startup_stm32f411ceux.o
                0x08001d60                RTC_Alarm_IRQHandler
                0x08001d60                EXTI2_IRQHandler
                0x08001d60                SPI4_IRQHandler
                0x08001d60                TIM1_CC_IRQHandler
                0x08001d60                DMA2_Stream5_IRQHandler
                0x08001d60                DMA1_Stream5_IRQHandler
                0x08001d60                PVD_IRQHandler
                0x08001d60                SDIO_IRQHandler
                0x08001d60                TAMP_STAMP_IRQHandler
                0x08001d60                EXTI3_IRQHandler
                0x08001d60                TIM1_UP_TIM10_IRQHandler
                0x08001d60                I2C3_ER_IRQHandler
                0x08001d60                EXTI0_IRQHandler
                0x08001d60                I2C2_EV_IRQHandler
                0x08001d60                DMA1_Stream2_IRQHandler
                0x08001d60                FPU_IRQHandler
                0x08001d60                DMA2_Stream2_IRQHandler
                0x08001d60                SPI1_IRQHandler
                0x08001d60                TIM1_BRK_TIM9_IRQHandler
                0x08001d60                DMA2_Stream3_IRQHandler
                0x08001d60                USART6_IRQHandler
                0x08001d60                DMA2_Stream0_IRQHandler
                0x08001d60                I2C1_EV_IRQHandler
                0x08001d60                DMA1_Stream6_IRQHandler
                0x08001d60                DMA1_Stream1_IRQHandler
                0x08001d60                TIM3_IRQHandler
                0x08001d60                RCC_IRQHandler
                0x08001d60                Default_Handler
                0x08001d60                EXTI15_10_IRQHandler
                0x08001d60                ADC_IRQHandler
                0x08001d60                DMA1_Stream7_IRQHandler
                0x08001d60                SPI5_IRQHandler
                0x08001d60                TIM5_IRQHandler
                0x08001d60                DMA2_Stream7_IRQHandler
                0x08001d60                I2C3_EV_IRQHandler
                0x08001d60                EXTI9_5_IRQHandler
                0x08001d60                RTC_WKUP_IRQHandler
                0x08001d60                SPI2_IRQHandler
                0x08001d60                DMA1_Stream0_IRQHandler
                0x08001d60                EXTI4_IRQHandler
                0x08001d60                WWDG_IRQHandler
                0x08001d60                TIM2_IRQHandler
                0x08001d60                OTG_FS_WKUP_IRQHandler
                0x08001d60                TIM1_TRG_COM_TIM11_IRQHandler
                0x08001d60                EXTI1_IRQHandler
                0x08001d60                USART2_IRQHandler
                0x08001d60                I2C2_ER_IRQHandler
                0x08001d60                DMA2_Stream1_IRQHandler
                0x08001d60                FLASH_IRQHandler
                0x08001d60                DMA2_Stream4_IRQHandler
                0x08001d60                USART1_IRQHandler
                0x08001d60                SPI3_IRQHandler
                0x08001d60                DMA1_Stream4_IRQHandler
                0x08001d60                I2C1_ER_IRQHandler
                0x08001d60                DMA2_Stream6_IRQHandler
                0x08001d60                DMA1_Stream3_IRQHandler
 *fill*         0x08001d62        0x2 
 .text.HAL_Init
                0x08001d64       0x44 ./Drivers/STM32F4xx_HAL_Driver/Src/stm32f4xx_hal.o
                0x08001d64                HAL_Init
 .text.HAL_InitTick
                0x08001da8       0x60 ./Drivers/STM32F4xx_HAL_Driver/Src/stm32f4xx_hal.o
                0x08001da8                HAL_InitTick
 .text.HAL_IncTick
                0x08001e08       0x28 ./Drivers/STM32F4xx_HAL_Driver/Src/stm32f4xx_hal.o
                0x08001e08                HAL_IncTick
 .text.HAL_GetTick
                0x08001e30       0x18 ./Drivers/STM32F4xx_HAL_Driver/Src/stm32f4xx_hal.o
                0x08001e30                HAL_GetTick
 .text.HAL_Delay
                0x08001e48       0x48 ./Drivers/STM32F4xx_HAL_Driver/Src/stm32f4xx_hal.o
                0x08001e48                HAL_Delay
 .text.__NVIC_SetPriorityGrouping
                0x08001e90       0x48 ./Drivers/STM32F4xx_HAL_Driver/Src/stm32f4xx_hal_cortex.o
 .text.__NVIC_GetPriorityGrouping
                0x08001ed8       0x1c ./Drivers/STM32F4xx_HAL_Driver/Src/stm32f4xx_hal_cortex.o
 .text.__NVIC_EnableIRQ
                0x08001ef4       0x3c ./Drivers/STM32F4xx_HAL_Driver/Src/stm32f4xx_hal_cortex.o
 .text.__NVIC_SetPriority
                0x08001f30       0x54 ./Drivers/STM32F4xx_HAL_Driver/Src/stm32f4xx_hal_cortex.o
 .text.NVIC_EncodePriority
                0x08001f84       0x66 ./Drivers/STM32F4xx_HAL_Driver/Src/stm32f4xx_hal_cortex.o
 *fill*         0x08001fea        0x2 
 .text.SysTick_Config
                0x08001fec       0x44 ./Drivers/STM32F4xx_HAL_Driver/Src/stm32f4xx_hal_cortex.o
 .text.HAL_NVIC_SetPriorityGrouping
                0x08002030       0x16 ./Drivers/STM32F4xx_HAL_Driver/Src/stm32f4xx_hal_cortex.o
                0x08002030                HAL_NVIC_SetPriorityGrouping
 .text.HAL_NVIC_SetPriority
                0x08002046       0x38 ./Drivers/STM32F4xx_HAL_Driver/Src/stm32f4xx_hal_cortex.o
                0x08002046                HAL_NVIC_SetPriority
 .text.HAL_NVIC_EnableIRQ
                0x0800207e       0x1c ./Drivers/STM32F4xx_HAL_Driver/Src/stm32f4xx_hal_cortex.o
                0x0800207e                HAL_NVIC_EnableIRQ
 .text.HAL_SYSTICK_Config
                0x0800209a       0x18 ./Drivers/STM32F4xx_HAL_Driver/Src/stm32f4xx_hal_cortex.o
                0x0800209a                HAL_SYSTICK_Config
 *fill*         0x080020b2        0x2 
 .text.HAL_GPIO_Init
                0x080020b4      0x308 ./Drivers/STM32F4xx_HAL_Driver/Src/stm32f4xx_hal_gpio.o
                0x080020b4                HAL_GPIO_Init
 .text.HAL_GPIO_ReadPin
                0x080023bc       0x30 ./Drivers/STM32F4xx_HAL_Driver/Src/stm32f4xx_hal_gpio.o
                0x080023bc                HAL_GPIO_ReadPin
 .text.HAL_GPIO_WritePin
                0x080023ec       0x32 ./Drivers/STM32F4xx_HAL_Driver/Src/stm32f4xx_hal_gpio.o
                0x080023ec                HAL_GPIO_WritePin
 .text.HAL_GPIO_TogglePin
                0x0800241e       0x34 ./Drivers/STM32F4xx_HAL_Driver/Src/stm32f4xx_hal_gpio.o
                0x0800241e                HAL_GPIO_TogglePin
 *fill*         0x08002452        0x2 
 .text.HAL_I2C_Init
                0x08002454      0x288 ./Drivers/STM32F4xx_HAL_Driver/Src/stm32f4xx_hal_i2c.o
                0x08002454                HAL_I2C_Init
 .text.HAL_I2C_Master_Transmit
                0x080026dc      0x1fc ./Drivers/STM32F4xx_HAL_Driver/Src/stm32f4xx_hal_i2c.o
                0x080026dc                HAL_I2C_Master_Transmit
 .text.HAL_I2C_Master_Receive
                0x080028d8      0x464 ./Drivers/STM32F4xx_HAL_Driver/Src/stm32f4xx_hal_i2c.o
                0x080028d8                HAL_I2C_Master_Receive
 .text.I2C_MasterRequestWrite
                0x08002d3c      0x104 ./Drivers/STM32F4xx_HAL_Driver/Src/stm32f4xx_hal_i2c.o
 .text.I2C_MasterRequestRead
                0x08002e40      0x19c ./Drivers/STM32F4xx_HAL_Driver/Src/stm32f4xx_hal_i2c.o
 .text.I2C_WaitOnFlagUntilTimeout
                0x08002fdc       0xf4 ./Drivers/STM32F4xx_HAL_Driver/Src/stm32f4xx_hal_i2c.o
 .text.I2C_WaitOnMasterAddressFlagUntilTimeout
                0x080030d0      0x140 ./Drivers/STM32F4xx_HAL_Driver/Src/stm32f4xx_hal_i2c.o
 .text.I2C_WaitOnTXEFlagUntilTimeout
                0x08003210       0x90 ./Drivers/STM32F4xx_HAL_Driver/Src/stm32f4xx_hal_i2c.o
 .text.I2C_WaitOnBTFFlagUntilTimeout
                0x080032a0       0x90 ./Drivers/STM32F4xx_HAL_Driver/Src/stm32f4xx_hal_i2c.o
 .text.I2C_WaitOnRXNEFlagUntilTimeout
                0x08003330       0xba ./Drivers/STM32F4xx_HAL_Driver/Src/stm32f4xx_hal_i2c.o
 .text.I2C_IsAcknowledgeFailed
                0x080033ea       0x5e ./Drivers/STM32F4xx_HAL_Driver/Src/stm32f4xx_hal_i2c.o
 .text.HAL_PCD_Init
                0x08003448      0x21e ./Drivers/STM32F4xx_HAL_Driver/Src/stm32f4xx_hal_pcd.o
                0x08003448                HAL_PCD_Init
 .text.HAL_PCD_Start
                0x08003666       0x6a ./Drivers/STM32F4xx_HAL_Driver/Src/stm32f4xx_hal_pcd.o
                0x08003666                HAL_PCD_Start
 .text.HAL_PCD_IRQHandler
                0x080036d0      0x942 ./Drivers/STM32F4xx_HAL_Driver/Src/stm32f4xx_hal_pcd.o
                0x080036d0                HAL_PCD_IRQHandler
 .text.HAL_PCD_SetAddress
                0x08004012       0x48 ./Drivers/STM32F4xx_HAL_Driver/Src/stm32f4xx_hal_pcd.o
                0x08004012                HAL_PCD_SetAddress
 .text.HAL_PCD_EP_Open
                0x0800405a       0xd4 ./Drivers/STM32F4xx_HAL_Driver/Src/stm32f4xx_hal_pcd.o
                0x0800405a                HAL_PCD_EP_Open
 .text.HAL_PCD_EP_Close
                0x0800412e       0x94 ./Drivers/STM32F4xx_HAL_Driver/Src/stm32f4xx_hal_pcd.o
                0x0800412e                HAL_PCD_EP_Close
 .text.HAL_PCD_EP_Receive
                0x080041c2       0x76 ./Drivers/STM32F4xx_HAL_Driver/Src/stm32f4xx_hal_pcd.o
                0x080041c2                HAL_PCD_EP_Receive
 .text.HAL_PCD_EP_GetRxCount
                0x08004238       0x30 ./Drivers/STM32F4xx_HAL_Driver/Src/stm32f4xx_hal_pcd.o
                0x08004238                HAL_PCD_EP_GetRxCount
 .text.HAL_PCD_EP_Transmit
                0x08004268       0x74 ./Drivers/STM32F4xx_HAL_Driver/Src/stm32f4xx_hal_pcd.o
                0x08004268                HAL_PCD_EP_Transmit
 .text.HAL_PCD_EP_SetStall
                0x080042dc       0xc6 ./Drivers/STM32F4xx_HAL_Driver/Src/stm32f4xx_hal_pcd.o
                0x080042dc                HAL_PCD_EP_SetStall
 .text.HAL_PCD_EP_ClrStall
                0x080043a2       0xac ./Drivers/STM32F4xx_HAL_Driver/Src/stm32f4xx_hal_pcd.o
                0x080043a2                HAL_PCD_EP_ClrStall
 .text.HAL_PCD_EP_Abort
                0x0800444e       0x62 ./Drivers/STM32F4xx_HAL_Driver/Src/stm32f4xx_hal_pcd.o
                0x0800444e                HAL_PCD_EP_Abort
 .text.PCD_WriteEmptyTxFifo
                0x080044b0      0x118 ./Drivers/STM32F4xx_HAL_Driver/Src/stm32f4xx_hal_pcd.o
 .text.PCD_EP_OutXfrComplete_int
                0x080045c8      0x1d0 ./Drivers/STM32F4xx_HAL_Driver/Src/stm32f4xx_hal_pcd.o
 .text.PCD_EP_OutSetupPacket_int
                0x08004798       0x8c ./Drivers/STM32F4xx_HAL_Driver/Src/stm32f4xx_hal_pcd.o
 .text.HAL_PCDEx_SetTxFiFo
                0x08004824       0x8e ./Drivers/STM32F4xx_HAL_Driver/Src/stm32f4xx_hal_pcd_ex.o
                0x08004824                HAL_PCDEx_SetTxFiFo
 .text.HAL_PCDEx_SetRxFiFo
                0x080048b2       0x22 ./Drivers/STM32F4xx_HAL_Driver/Src/stm32f4xx_hal_pcd_ex.o
                0x080048b2                HAL_PCDEx_SetRxFiFo
 .text.HAL_PCDEx_LPM_Callback
                0x080048d4       0x18 ./Drivers/STM32F4xx_HAL_Driver/Src/stm32f4xx_hal_pcd_ex.o
                0x080048d4                HAL_PCDEx_LPM_Callback
 .text.HAL_RCC_OscConfig
                0x080048ec      0x4f0 ./Drivers/STM32F4xx_HAL_Driver/Src/stm32f4xx_hal_rcc.o
                0x080048ec                HAL_RCC_OscConfig
 .text.HAL_RCC_ClockConfig
                0x08004ddc      0x1cc ./Drivers/STM32F4xx_HAL_Driver/Src/stm32f4xx_hal_rcc.o
                0x08004ddc                HAL_RCC_ClockConfig
 .text.HAL_RCC_GetSysClockFreq
                0x08004fa8      0x20c ./Drivers/STM32F4xx_HAL_Driver/Src/stm32f4xx_hal_rcc.o
                0x08004fa8                HAL_RCC_GetSysClockFreq
 .text.HAL_RCC_GetHCLKFreq
                0x080051b4       0x18 ./Drivers/STM32F4xx_HAL_Driver/Src/stm32f4xx_hal_rcc.o
                0x080051b4                HAL_RCC_GetHCLKFreq
 .text.HAL_RCC_GetPCLK1Freq
                0x080051cc       0x28 ./Drivers/STM32F4xx_HAL_Driver/Src/stm32f4xx_hal_rcc.o
                0x080051cc                HAL_RCC_GetPCLK1Freq
 .text.HAL_TIM_Base_Init
                0x080051f4       0x9e ./Drivers/STM32F4xx_HAL_Driver/Src/stm32f4xx_hal_tim.o
                0x080051f4                HAL_TIM_Base_Init
 .text.HAL_TIM_PWM_Init
                0x08005292       0x9e ./Drivers/STM32F4xx_HAL_Driver/Src/stm32f4xx_hal_tim.o
                0x08005292                HAL_TIM_PWM_Init
 .text.HAL_TIM_Encoder_Init
                0x08005330      0x14c ./Drivers/STM32F4xx_HAL_Driver/Src/stm32f4xx_hal_tim.o
                0x08005330                HAL_TIM_Encoder_Init
 .text.HAL_TIM_IRQHandler
                0x0800547c      0x1e0 ./Drivers/STM32F4xx_HAL_Driver/Src/stm32f4xx_hal_tim.o
                0x0800547c                HAL_TIM_IRQHandler
 .text.HAL_TIM_PWM_ConfigChannel
                0x0800565c      0x184 ./Drivers/STM32F4xx_HAL_Driver/Src/stm32f4xx_hal_tim.o
                0x0800565c                HAL_TIM_PWM_ConfigChannel
 .text.HAL_TIM_ConfigClockSource
                0x080057e0      0x18e ./Drivers/STM32F4xx_HAL_Driver/Src/stm32f4xx_hal_tim.o
                0x080057e0                HAL_TIM_ConfigClockSource
 .text.HAL_TIM_PeriodElapsedCallback
                0x0800596e       0x14 ./Drivers/STM32F4xx_HAL_Driver/Src/stm32f4xx_hal_tim.o
                0x0800596e                HAL_TIM_PeriodElapsedCallback
 .text.HAL_TIM_OC_DelayElapsedCallback
                0x08005982       0x14 ./Drivers/STM32F4xx_HAL_Driver/Src/stm32f4xx_hal_tim.o
                0x08005982                HAL_TIM_OC_DelayElapsedCallback
 .text.HAL_TIM_IC_CaptureCallback
                0x08005996       0x14 ./Drivers/STM32F4xx_HAL_Driver/Src/stm32f4xx_hal_tim.o
                0x08005996                HAL_TIM_IC_CaptureCallback
 .text.HAL_TIM_PWM_PulseFinishedCallback
                0x080059aa       0x14 ./Drivers/STM32F4xx_HAL_Driver/Src/stm32f4xx_hal_tim.o
                0x080059aa                HAL_TIM_PWM_PulseFinishedCallback
 .text.HAL_TIM_TriggerCallback
                0x080059be       0x14 ./Drivers/STM32F4xx_HAL_Driver/Src/stm32f4xx_hal_tim.o
                0x080059be                HAL_TIM_TriggerCallback
 *fill*         0x080059d2        0x2 
 .text.TIM_Base_SetConfig
                0x080059d4      0x118 ./Drivers/STM32F4xx_HAL_Driver/Src/stm32f4xx_hal_tim.o
                0x080059d4                TIM_Base_SetConfig
 .text.TIM_OC1_SetConfig
                0x08005aec       0xcc ./Drivers/STM32F4xx_HAL_Driver/Src/stm32f4xx_hal_tim.o
 .text.TIM_OC2_SetConfig
                0x08005bb8       0xd8 ./Drivers/STM32F4xx_HAL_Driver/Src/stm32f4xx_hal_tim.o
                0x08005bb8                TIM_OC2_SetConfig
 .text.TIM_OC3_SetConfig
                0x08005c90       0xd4 ./Drivers/STM32F4xx_HAL_Driver/Src/stm32f4xx_hal_tim.o
 .text.TIM_OC4_SetConfig
                0x08005d64       0xa0 ./Drivers/STM32F4xx_HAL_Driver/Src/stm32f4xx_hal_tim.o
 .text.TIM_TI1_ConfigInputStage
                0x08005e04       0x5e ./Drivers/STM32F4xx_HAL_Driver/Src/stm32f4xx_hal_tim.o
 .text.TIM_TI2_ConfigInputStage
                0x08005e62       0x60 ./Drivers/STM32F4xx_HAL_Driver/Src/stm32f4xx_hal_tim.o
 .text.TIM_ITRx_SetConfig
                0x08005ec2       0x36 ./Drivers/STM32F4xx_HAL_Driver/Src/stm32f4xx_hal_tim.o
 .text.TIM_ETR_SetConfig
                0x08005ef8       0x40 ./Drivers/STM32F4xx_HAL_Driver/Src/stm32f4xx_hal_tim.o
                0x08005ef8                TIM_ETR_SetConfig
 .text.HAL_TIMEx_MasterConfigSynchronization
                0x08005f38       0xdc ./Drivers/STM32F4xx_HAL_Driver/Src/stm32f4xx_hal_tim_ex.o
                0x08005f38                HAL_TIMEx_MasterConfigSynchronization
 .text.HAL_TIMEx_CommutCallback
                0x08006014       0x14 ./Drivers/STM32F4xx_HAL_Driver/Src/stm32f4xx_hal_tim_ex.o
                0x08006014                HAL_TIMEx_CommutCallback
 .text.HAL_TIMEx_BreakCallback
                0x08006028       0x14 ./Drivers/STM32F4xx_HAL_Driver/Src/stm32f4xx_hal_tim_ex.o
                0x08006028                HAL_TIMEx_BreakCallback
 .text.USB_CoreInit
                0x0800603c       0xc8 ./Drivers/STM32F4xx_HAL_Driver/Src/stm32f4xx_ll_usb.o
                0x0800603c                USB_CoreInit
 .text.USB_SetTurnaroundTime
                0x08006104      0x144 ./Drivers/STM32F4xx_HAL_Driver/Src/stm32f4xx_ll_usb.o
                0x08006104                USB_SetTurnaroundTime
 .text.USB_EnableGlobalInt
                0x08006248       0x22 ./Drivers/STM32F4xx_HAL_Driver/Src/stm32f4xx_ll_usb.o
                0x08006248                USB_EnableGlobalInt
 .text.USB_DisableGlobalInt
                0x0800626a       0x22 ./Drivers/STM32F4xx_HAL_Driver/Src/stm32f4xx_ll_usb.o
                0x0800626a                USB_DisableGlobalInt
 .text.USB_SetCurrentMode
                0x0800628c       0x98 ./Drivers/STM32F4xx_HAL_Driver/Src/stm32f4xx_ll_usb.o
                0x0800628c                USB_SetCurrentMode
 .text.USB_DevInit
                0x08006324      0x2c8 ./Drivers/STM32F4xx_HAL_Driver/Src/stm32f4xx_ll_usb.o
                0x08006324                USB_DevInit
 .text.USB_FlushTxFifo
                0x080065ec       0x64 ./Drivers/STM32F4xx_HAL_Driver/Src/stm32f4xx_ll_usb.o
                0x080065ec                USB_FlushTxFifo
 .text.USB_FlushRxFifo
                0x08006650       0x5c ./Drivers/STM32F4xx_HAL_Driver/Src/stm32f4xx_ll_usb.o
                0x08006650                USB_FlushRxFifo
 .text.USB_SetDevSpeed
                0x080066ac       0x32 ./Drivers/STM32F4xx_HAL_Driver/Src/stm32f4xx_ll_usb.o
                0x080066ac                USB_SetDevSpeed
 .text.USB_GetDevSpeed
                0x080066de       0x4a ./Drivers/STM32F4xx_HAL_Driver/Src/stm32f4xx_ll_usb.o
                0x080066de                USB_GetDevSpeed
 .text.USB_ActivateEndpoint
                0x08006728      0x10e ./Drivers/STM32F4xx_HAL_Driver/Src/stm32f4xx_ll_usb.o
                0x08006728                USB_ActivateEndpoint
 *fill*         0x08006836        0x2 
 .text.USB_DeactivateEndpoint
                0x08006838      0x1b8 ./Drivers/STM32F4xx_HAL_Driver/Src/stm32f4xx_ll_usb.o
                0x08006838                USB_DeactivateEndpoint
 .text.USB_EPStartXfer
                0x080069f0      0x53c ./Drivers/STM32F4xx_HAL_Driver/Src/stm32f4xx_ll_usb.o
                0x080069f0                USB_EPStartXfer
 .text.USB_EPStopXfer
                0x08006f2c      0x154 ./Drivers/STM32F4xx_HAL_Driver/Src/stm32f4xx_ll_usb.o
                0x08006f2c                USB_EPStopXfer
 .text.USB_WritePacket
                0x08007080       0x7c ./Drivers/STM32F4xx_HAL_Driver/Src/stm32f4xx_ll_usb.o
                0x08007080                USB_WritePacket
 .text.USB_ReadPacket
                0x080070fc       0xb0 ./Drivers/STM32F4xx_HAL_Driver/Src/stm32f4xx_ll_usb.o
                0x080070fc                USB_ReadPacket
 .text.USB_EPSetStall
                0x080071ac       0xdc ./Drivers/STM32F4xx_HAL_Driver/Src/stm32f4xx_ll_usb.o
                0x080071ac                USB_EPSetStall
 .text.USB_EPClearStall
                0x08007288       0xcc ./Drivers/STM32F4xx_HAL_Driver/Src/stm32f4xx_ll_usb.o
                0x08007288                USB_EPClearStall
 .text.USB_SetDevAddress
                0x08007354       0x4c ./Drivers/STM32F4xx_HAL_Driver/Src/stm32f4xx_ll_usb.o
                0x08007354                USB_SetDevAddress
 .text.USB_DevConnect
                0x080073a0       0x42 ./Drivers/STM32F4xx_HAL_Driver/Src/stm32f4xx_ll_usb.o
                0x080073a0                USB_DevConnect
 .text.USB_DevDisconnect
                0x080073e2       0x42 ./Drivers/STM32F4xx_HAL_Driver/Src/stm32f4xx_ll_usb.o
                0x080073e2                USB_DevDisconnect
 .text.USB_ReadInterrupts
                0x08007424       0x26 ./Drivers/STM32F4xx_HAL_Driver/Src/stm32f4xx_ll_usb.o
                0x08007424                USB_ReadInterrupts
 .text.USB_ReadDevAllOutEpInterrupt
                0x0800744a       0x34 ./Drivers/STM32F4xx_HAL_Driver/Src/stm32f4xx_ll_usb.o
                0x0800744a                USB_ReadDevAllOutEpInterrupt
 .text.USB_ReadDevAllInEpInterrupt
                0x0800747e       0x34 ./Drivers/STM32F4xx_HAL_Driver/Src/stm32f4xx_ll_usb.o
                0x0800747e                USB_ReadDevAllInEpInterrupt
 .text.USB_ReadDevOutEPInterrupt
                0x080074b2       0x3c ./Drivers/STM32F4xx_HAL_Driver/Src/stm32f4xx_ll_usb.o
                0x080074b2                USB_ReadDevOutEPInterrupt
 .text.USB_ReadDevInEPInterrupt
                0x080074ee       0x5c ./Drivers/STM32F4xx_HAL_Driver/Src/stm32f4xx_ll_usb.o
                0x080074ee                USB_ReadDevInEPInterrupt
 .text.USB_GetMode
                0x0800754a       0x1c ./Drivers/STM32F4xx_HAL_Driver/Src/stm32f4xx_ll_usb.o
                0x0800754a                USB_GetMode
 .text.USB_ActivateSetup
                0x08007566       0x46 ./Drivers/STM32F4xx_HAL_Driver/Src/stm32f4xx_ll_usb.o
                0x08007566                USB_ActivateSetup
 .text.USB_EP0_OutStart
                0x080075ac       0xbc ./Drivers/STM32F4xx_HAL_Driver/Src/stm32f4xx_ll_usb.o
                0x080075ac                USB_EP0_OutStart
 .text.USB_CoreReset
                0x08007668       0x62 ./Drivers/STM32F4xx_HAL_Driver/Src/stm32f4xx_ll_usb.o
 *fill*         0x080076ca        0x2 
 .text.USBD_CDC_Init
                0x080076cc      0x1f0 ./Middlewares/ST/STM32_USB_Device_Library/Class/CDC/Src/usbd_cdc.o
 .text.USBD_CDC_DeInit
                0x080078bc      0x104 ./Middlewares/ST/STM32_USB_Device_Library/Class/CDC/Src/usbd_cdc.o
 .text.USBD_CDC_Setup
                0x080079c0      0x1b8 ./Middlewares/ST/STM32_USB_Device_Library/Class/CDC/Src/usbd_cdc.o
 .text.USBD_CDC_DataIn
                0x08007b78       0xfe ./Middlewares/ST/STM32_USB_Device_Library/Class/CDC/Src/usbd_cdc.o
 .text.USBD_CDC_DataOut
                0x08007c76       0x70 ./Middlewares/ST/STM32_USB_Device_Library/Class/CDC/Src/usbd_cdc.o
 .text.USBD_CDC_EP0_RxReady
                0x08007ce6       0x74 ./Middlewares/ST/STM32_USB_Device_Library/Class/CDC/Src/usbd_cdc.o
 *fill*         0x08007d5a        0x2 
 .text.USBD_CDC_GetFSCfgDesc
                0x08007d5c       0x70 ./Middlewares/ST/STM32_USB_Device_Library/Class/CDC/Src/usbd_cdc.o
 .text.USBD_CDC_GetHSCfgDesc
                0x08007dcc       0x70 ./Middlewares/ST/STM32_USB_Device_Library/Class/CDC/Src/usbd_cdc.o
 .text.USBD_CDC_GetOtherSpeedCfgDesc
                0x08007e3c       0x70 ./Middlewares/ST/STM32_USB_Device_Library/Class/CDC/Src/usbd_cdc.o
 .text.USBD_CDC_GetDeviceQualifierDescriptor
                0x08007eac       0x20 ./Middlewares/ST/STM32_USB_Device_Library/Class/CDC/Src/usbd_cdc.o
                0x08007eac                USBD_CDC_GetDeviceQualifierDescriptor
 .text.USBD_CDC_RegisterInterface
                0x08007ecc       0x34 ./Middlewares/ST/STM32_USB_Device_Library/Class/CDC/Src/usbd_cdc.o
                0x08007ecc                USBD_CDC_RegisterInterface
 .text.USBD_CDC_SetTxBuffer
                0x08007f00       0x44 ./Middlewares/ST/STM32_USB_Device_Library/Class/CDC/Src/usbd_cdc.o
                0x08007f00                USBD_CDC_SetTxBuffer
 .text.USBD_CDC_SetRxBuffer
                0x08007f44       0x3a ./Middlewares/ST/STM32_USB_Device_Library/Class/CDC/Src/usbd_cdc.o
                0x08007f44                USBD_CDC_SetRxBuffer
 *fill*         0x08007f7e        0x2 
 .text.USBD_CDC_TransmitPacket
                0x08007f80       0x80 ./Middlewares/ST/STM32_USB_Device_Library/Class/CDC/Src/usbd_cdc.o
                0x08007f80                USBD_CDC_TransmitPacket
 .text.USBD_CDC_ReceivePacket
                0x08008000       0x6c ./Middlewares/ST/STM32_USB_Device_Library/Class/CDC/Src/usbd_cdc.o
                0x08008000                USBD_CDC_ReceivePacket
 .text.USBD_Init
                0x0800806c       0x60 ./Middlewares/ST/STM32_USB_Device_Library/Core/Src/usbd_core.o
                0x0800806c                USBD_Init
 .text.USBD_RegisterClass
                0x080080cc       0x6c ./Middlewares/ST/STM32_USB_Device_Library/Core/Src/usbd_core.o
                0x080080cc                USBD_RegisterClass
 .text.USBD_Start
                0x08008138       0x18 ./Middlewares/ST/STM32_USB_Device_Library/Core/Src/usbd_core.o
                0x08008138                USBD_Start
 .text.USBD_RunTestMode
                0x08008150       0x16 ./Middlewares/ST/STM32_USB_Device_Library/Core/Src/usbd_core.o
                0x08008150                USBD_RunTestMode
 .text.USBD_SetClassConfig
                0x08008166       0x38 ./Middlewares/ST/STM32_USB_Device_Library/Core/Src/usbd_core.o
                0x08008166                USBD_SetClassConfig
 .text.USBD_ClrClassConfig
                0x0800819e       0x34 ./Middlewares/ST/STM32_USB_Device_Library/Core/Src/usbd_core.o
                0x0800819e                USBD_ClrClassConfig
 .text.USBD_LL_SetupStage
                0x080081d2       0xaa ./Middlewares/ST/STM32_USB_Device_Library/Core/Src/usbd_core.o
                0x080081d2                USBD_LL_SetupStage
 .text.USBD_LL_DataOutStage
                0x0800827c      0x166 ./Middlewares/ST/STM32_USB_Device_Library/Core/Src/usbd_core.o
                0x0800827c                USBD_LL_DataOutStage
 .text.USBD_LL_DataInStage
                0x080083e2      0x164 ./Middlewares/ST/STM32_USB_Device_Library/Core/Src/usbd_core.o
                0x080083e2                USBD_LL_DataInStage
 .text.USBD_LL_Reset
                0x08008546       0xa4 ./Middlewares/ST/STM32_USB_Device_Library/Core/Src/usbd_core.o
                0x08008546                USBD_LL_Reset
 .text.USBD_LL_SetSpeed
                0x080085ea       0x20 ./Middlewares/ST/STM32_USB_Device_Library/Core/Src/usbd_core.o
                0x080085ea                USBD_LL_SetSpeed
 .text.USBD_LL_Suspend
                0x0800860a       0x38 ./Middlewares/ST/STM32_USB_Device_Library/Core/Src/usbd_core.o
                0x0800860a                USBD_LL_Suspend
 .text.USBD_LL_Resume
                0x08008642       0x30 ./Middlewares/ST/STM32_USB_Device_Library/Core/Src/usbd_core.o
                0x08008642                USBD_LL_Resume
 .text.USBD_LL_SOF
                0x08008672       0x40 ./Middlewares/ST/STM32_USB_Device_Library/Core/Src/usbd_core.o
                0x08008672                USBD_LL_SOF
 .text.USBD_LL_IsoINIncomplete
                0x080086b2       0x64 ./Middlewares/ST/STM32_USB_Device_Library/Core/Src/usbd_core.o
                0x080086b2                USBD_LL_IsoINIncomplete
 .text.USBD_LL_IsoOUTIncomplete
                0x08008716       0x64 ./Middlewares/ST/STM32_USB_Device_Library/Core/Src/usbd_core.o
                0x08008716                USBD_LL_IsoOUTIncomplete
 .text.USBD_LL_DevConnected
                0x0800877a       0x16 ./Middlewares/ST/STM32_USB_Device_Library/Core/Src/usbd_core.o
                0x0800877a                USBD_LL_DevConnected
 .text.USBD_LL_DevDisconnected
                0x08008790       0x46 ./Middlewares/ST/STM32_USB_Device_Library/Core/Src/usbd_core.o
                0x08008790                USBD_LL_DevDisconnected
 .text.USBD_CoreFindIF
                0x080087d6       0x1a ./Middlewares/ST/STM32_USB_Device_Library/Core/Src/usbd_core.o
                0x080087d6                USBD_CoreFindIF
 .text.USBD_CoreFindEP
                0x080087f0       0x1a ./Middlewares/ST/STM32_USB_Device_Library/Core/Src/usbd_core.o
                0x080087f0                USBD_CoreFindEP
 .text.USBD_GetEpDesc
                0x0800880a       0x70 ./Middlewares/ST/STM32_USB_Device_Library/Core/Src/usbd_core.o
                0x0800880a                USBD_GetEpDesc
 .text.USBD_GetNextDesc
                0x0800887a       0x38 ./Middlewares/ST/STM32_USB_Device_Library/Core/Src/usbd_core.o
                0x0800887a                USBD_GetNextDesc
 .text.SWAPBYTE
                0x080088b2       0x3c ./Middlewares/ST/STM32_USB_Device_Library/Core/Src/usbd_ctlreq.o
 *fill*         0x080088ee        0x2 
 .text.USBD_StdDevReq
                0x080088f0       0xe4 ./Middlewares/ST/STM32_USB_Device_Library/Core/Src/usbd_ctlreq.o
                0x080088f0                USBD_StdDevReq
 .text.USBD_StdItfReq
                0x080089d4       0xd8 ./Middlewares/ST/STM32_USB_Device_Library/Core/Src/usbd_ctlreq.o
                0x080089d4                USBD_StdItfReq
 .text.USBD_StdEPReq
                0x08008aac      0x33a ./Middlewares/ST/STM32_USB_Device_Library/Core/Src/usbd_ctlreq.o
                0x08008aac                USBD_StdEPReq
 *fill*         0x08008de6        0x2 
 .text.USBD_GetDescriptor
                0x08008de8      0x2d4 ./Middlewares/ST/STM32_USB_Device_Library/Core/Src/usbd_ctlreq.o
 .text.USBD_SetAddress
                0x080090bc       0x88 ./Middlewares/ST/STM32_USB_Device_Library/Core/Src/usbd_ctlreq.o
 .text.USBD_SetConfig
                0x08009144      0x154 ./Middlewares/ST/STM32_USB_Device_Library/Core/Src/usbd_ctlreq.o
 .text.USBD_GetConfig
                0x08009298       0x6c ./Middlewares/ST/STM32_USB_Device_Library/Core/Src/usbd_ctlreq.o
 .text.USBD_GetStatus
                0x08009304       0x68 ./Middlewares/ST/STM32_USB_Device_Library/Core/Src/usbd_ctlreq.o
 .text.USBD_SetFeature
                0x0800936c       0x52 ./Middlewares/ST/STM32_USB_Device_Library/Core/Src/usbd_ctlreq.o
 .text.USBD_ClrFeature
                0x080093be       0x44 ./Middlewares/ST/STM32_USB_Device_Library/Core/Src/usbd_ctlreq.o
 .text.USBD_ParseSetupRequest
                0x08009402       0x74 ./Middlewares/ST/STM32_USB_Device_Library/Core/Src/usbd_ctlreq.o
                0x08009402                USBD_ParseSetupRequest
 .text.USBD_CtlError
                0x08009476       0x22 ./Middlewares/ST/STM32_USB_Device_Library/Core/Src/usbd_ctlreq.o
                0x08009476                USBD_CtlError
 .text.USBD_GetString
                0x08009498       0xa4 ./Middlewares/ST/STM32_USB_Device_Library/Core/Src/usbd_ctlreq.o
                0x08009498                USBD_GetString
 .text.USBD_GetLen
                0x0800953c       0x34 ./Middlewares/ST/STM32_USB_Device_Library/Core/Src/usbd_ctlreq.o
 .text.USBD_CtlSendData
                0x08009570       0x36 ./Middlewares/ST/STM32_USB_Device_Library/Core/Src/usbd_ioreq.o
                0x08009570                USBD_CtlSendData
 .text.USBD_CtlContinueSendData
                0x080095a6       0x22 ./Middlewares/ST/STM32_USB_Device_Library/Core/Src/usbd_ioreq.o
                0x080095a6                USBD_CtlContinueSendData
 .text.USBD_CtlPrepareRx
                0x080095c8       0x3a ./Middlewares/ST/STM32_USB_Device_Library/Core/Src/usbd_ioreq.o
                0x080095c8                USBD_CtlPrepareRx
 .text.USBD_CtlContinueRx
                0x08009602       0x22 ./Middlewares/ST/STM32_USB_Device_Library/Core/Src/usbd_ioreq.o
                0x08009602                USBD_CtlContinueRx
 .text.USBD_CtlSendStatus
                0x08009624       0x26 ./Middlewares/ST/STM32_USB_Device_Library/Core/Src/usbd_ioreq.o
                0x08009624                USBD_CtlSendStatus
 .text.USBD_CtlReceiveStatus
                0x0800964a       0x26 ./Middlewares/ST/STM32_USB_Device_Library/Core/Src/usbd_ioreq.o
                0x0800964a                USBD_CtlReceiveStatus
 .text.MX_USB_DEVICE_Init
                0x08009670       0x60 ./USB_DEVICE/App/usb_device.o
                0x08009670                MX_USB_DEVICE_Init
 .text.CDC_Init_FS
                0x080096d0       0x28 ./USB_DEVICE/App/usbd_cdc_if.o
 .text.CDC_DeInit_FS
                0x080096f8       0x10 ./USB_DEVICE/App/usbd_cdc_if.o
 .text.CDC_Control_FS
                0x08009708       0xbc ./USB_DEVICE/App/usbd_cdc_if.o
 .text.CDC_Receive_FS
                0x080097c4       0x40 ./USB_DEVICE/App/usbd_cdc_if.o
 .text.CDC_Transmit_FS
                0x08009804       0x4c ./USB_DEVICE/App/usbd_cdc_if.o
                0x08009804                CDC_Transmit_FS
 .text.CDC_TransmitCplt_FS
                0x08009850       0x22 ./USB_DEVICE/App/usbd_cdc_if.o
 *fill*         0x08009872        0x2 
 .text.USBD_FS_DeviceDescriptor
                0x08009874       0x24 ./USB_DEVICE/App/usbd_desc.o
                0x08009874                USBD_FS_DeviceDescriptor
 .text.USBD_FS_LangIDStrDescriptor
                0x08009898       0x24 ./USB_DEVICE/App/usbd_desc.o
                0x08009898                USBD_FS_LangIDStrDescriptor
 .text.USBD_FS_ProductStrDescriptor
                0x080098bc       0x3c ./USB_DEVICE/App/usbd_desc.o
                0x080098bc                USBD_FS_ProductStrDescriptor
 .text.USBD_FS_ManufacturerStrDescriptor
                0x080098f8       0x28 ./USB_DEVICE/App/usbd_desc.o
                0x080098f8                USBD_FS_ManufacturerStrDescriptor
 .text.USBD_FS_SerialStrDescriptor
                0x08009920       0x24 ./USB_DEVICE/App/usbd_desc.o
                0x08009920                USBD_FS_SerialStrDescriptor
 .text.USBD_FS_ConfigStrDescriptor
                0x08009944       0x3c ./USB_DEVICE/App/usbd_desc.o
                0x08009944                USBD_FS_ConfigStrDescriptor
 .text.USBD_FS_InterfaceStrDescriptor
                0x08009980       0x3c ./USB_DEVICE/App/usbd_desc.o
                0x08009980                USBD_FS_InterfaceStrDescriptor
 .text.Get_SerialNum
                0x080099bc       0x58 ./USB_DEVICE/App/usbd_desc.o
 .text.IntToUnicode
                0x08009a14       0x7e ./USB_DEVICE/App/usbd_desc.o
 *fill*         0x08009a92        0x2 
 .text.HAL_PCD_MspInit
                0x08009a94       0xc4 ./USB_DEVICE/Target/usbd_conf.o
                0x08009a94                HAL_PCD_MspInit
 .text.HAL_PCD_SetupStageCallback
                0x08009b58       0x24 ./USB_DEVICE/Target/usbd_conf.o
                0x08009b58                HAL_PCD_SetupStageCallback
 .text.HAL_PCD_DataOutStageCallback
                0x08009b7c       0x36 ./USB_DEVICE/Target/usbd_conf.o
                0x08009b7c                HAL_PCD_DataOutStageCallback
 .text.HAL_PCD_DataInStageCallback
                0x08009bb2       0x34 ./USB_DEVICE/Target/usbd_conf.o
                0x08009bb2                HAL_PCD_DataInStageCallback
 .text.HAL_PCD_SOFCallback
                0x08009be6       0x1c ./USB_DEVICE/Target/usbd_conf.o
                0x08009be6                HAL_PCD_SOFCallback
 .text.HAL_PCD_ResetCallback
                0x08009c02       0x3c ./USB_DEVICE/Target/usbd_conf.o
                0x08009c02                HAL_PCD_ResetCallback
 *fill*         0x08009c3e        0x2 
 .text.HAL_PCD_SuspendCallback
                0x08009c40       0x4c ./USB_DEVICE/Target/usbd_conf.o
                0x08009c40                HAL_PCD_SuspendCallback
 .text.HAL_PCD_ResumeCallback
                0x08009c8c       0x1c ./USB_DEVICE/Target/usbd_conf.o
                0x08009c8c                HAL_PCD_ResumeCallback
 .text.HAL_PCD_ISOOUTIncompleteCallback
                0x08009ca8       0x24 ./USB_DEVICE/Target/usbd_conf.o
                0x08009ca8                HAL_PCD_ISOOUTIncompleteCallback
 .text.HAL_PCD_ISOINIncompleteCallback
                0x08009ccc       0x24 ./USB_DEVICE/Target/usbd_conf.o
                0x08009ccc                HAL_PCD_ISOINIncompleteCallback
 .text.HAL_PCD_ConnectCallback
                0x08009cf0       0x2c ./USB_DEVICE/Target/usbd_conf.o
                0x08009cf0                HAL_PCD_ConnectCallback
 .text.HAL_PCD_DisconnectCallback
                0x08009d1c       0x38 ./USB_DEVICE/Target/usbd_conf.o
                0x08009d1c                HAL_PCD_DisconnectCallback
 .text.USBD_LL_Init
                0x08009d54       0x98 ./USB_DEVICE/Target/usbd_conf.o
                0x08009d54                USBD_LL_Init
 .text.USBD_LL_Start
                0x08009dec       0x36 ./USB_DEVICE/Target/usbd_conf.o
                0x08009dec                USBD_LL_Start
 .text.USBD_LL_OpenEP
                0x08009e22       0x4c ./USB_DEVICE/Target/usbd_conf.o
                0x08009e22                USBD_LL_OpenEP
 .text.USBD_LL_CloseEP
                0x08009e6e       0x3e ./USB_DEVICE/Target/usbd_conf.o
                0x08009e6e                USBD_LL_CloseEP
 .text.USBD_LL_StallEP
                0x08009eac       0x3e ./USB_DEVICE/Target/usbd_conf.o
                0x08009eac                USBD_LL_StallEP
 .text.USBD_LL_ClearStallEP
                0x08009eea       0x3e ./USB_DEVICE/Target/usbd_conf.o
                0x08009eea                USBD_LL_ClearStallEP
 .text.USBD_LL_IsStallEP
                0x08009f28       0x58 ./USB_DEVICE/Target/usbd_conf.o
                0x08009f28                USBD_LL_IsStallEP
 .text.USBD_LL_SetUSBAddress
                0x08009f80       0x3e ./USB_DEVICE/Target/usbd_conf.o
                0x08009f80                USBD_LL_SetUSBAddress
 .text.USBD_LL_Transmit
                0x08009fbe       0x42 ./USB_DEVICE/Target/usbd_conf.o
                0x08009fbe                USBD_LL_Transmit
 .text.USBD_LL_PrepareReceive
                0x0800a000       0x42 ./USB_DEVICE/Target/usbd_conf.o
                0x0800a000                USBD_LL_PrepareReceive
 .text.USBD_LL_GetRxDataSize
                0x0800a042       0x26 ./USB_DEVICE/Target/usbd_conf.o
                0x0800a042                USBD_LL_GetRxDataSize
 .text.USBD_static_malloc
                0x0800a068       0x1c ./USB_DEVICE/Target/usbd_conf.o
                0x0800a068                USBD_static_malloc
 .text.USBD_static_free
                0x0800a084       0x14 ./USB_DEVICE/Target/usbd_conf.o
                0x0800a084                USBD_static_free
 .text.USBD_Get_USB_Status
                0x0800a098       0x58 ./USB_DEVICE/Target/usbd_conf.o
                0x0800a098                USBD_Get_USB_Status
 .text.atoi     0x0800a0f0        0x8 C:/ST/STM32CubeIDE_1.16.1/STM32CubeIDE/plugins/com.st.stm32cube.ide.mcu.externaltools.gnu-tools-for-stm32.12.3.rel1.win32_1.0.200.202406191623/tools/bin/../lib/gcc/arm-none-eabi/12.3.1/../../../../arm-none-eabi/lib/thumb/v7e-m+fp/hard\libc_nano.a(libc_a-atoi.o)
                0x0800a0f0                atoi
 .text._strtol_l.constprop.0
                0x0800a0f8       0xf4 C:/ST/STM32CubeIDE_1.16.1/STM32CubeIDE/plugins/com.st.stm32cube.ide.mcu.externaltools.gnu-tools-for-stm32.12.3.rel1.win32_1.0.200.202406191623/tools/bin/../lib/gcc/arm-none-eabi/12.3.1/../../../../arm-none-eabi/lib/thumb/v7e-m+fp/hard\libc_nano.a(libc_a-strtol.o)
 .text.strtol   0x0800a1ec       0x14 C:/ST/STM32CubeIDE_1.16.1/STM32CubeIDE/plugins/com.st.stm32cube.ide.mcu.externaltools.gnu-tools-for-stm32.12.3.rel1.win32_1.0.200.202406191623/tools/bin/../lib/gcc/arm-none-eabi/12.3.1/../../../../arm-none-eabi/lib/thumb/v7e-m+fp/hard\libc_nano.a(libc_a-strtol.o)
                0x0800a1ec                strtol
 .text.std      0x0800a200       0x6c C:/ST/STM32CubeIDE_1.16.1/STM32CubeIDE/plugins/com.st.stm32cube.ide.mcu.externaltools.gnu-tools-for-stm32.12.3.rel1.win32_1.0.200.202406191623/tools/bin/../lib/gcc/arm-none-eabi/12.3.1/../../../../arm-none-eabi/lib/thumb/v7e-m+fp/hard\libc_nano.a(libc_a-findfp.o)
 .text.stdio_exit_handler
                0x0800a26c       0x18 C:/ST/STM32CubeIDE_1.16.1/STM32CubeIDE/plugins/com.st.stm32cube.ide.mcu.externaltools.gnu-tools-for-stm32.12.3.rel1.win32_1.0.200.202406191623/tools/bin/../lib/gcc/arm-none-eabi/12.3.1/../../../../arm-none-eabi/lib/thumb/v7e-m+fp/hard\libc_nano.a(libc_a-findfp.o)
 .text.cleanup_stdio
                0x0800a284       0x40 C:/ST/STM32CubeIDE_1.16.1/STM32CubeIDE/plugins/com.st.stm32cube.ide.mcu.externaltools.gnu-tools-for-stm32.12.3.rel1.win32_1.0.200.202406191623/tools/bin/../lib/gcc/arm-none-eabi/12.3.1/../../../../arm-none-eabi/lib/thumb/v7e-m+fp/hard\libc_nano.a(libc_a-findfp.o)
 .text.global_stdio_init.part.0
                0x0800a2c4       0x3c C:/ST/STM32CubeIDE_1.16.1/STM32CubeIDE/plugins/com.st.stm32cube.ide.mcu.externaltools.gnu-tools-for-stm32.12.3.rel1.win32_1.0.200.202406191623/tools/bin/../lib/gcc/arm-none-eabi/12.3.1/../../../../arm-none-eabi/lib/thumb/v7e-m+fp/hard\libc_nano.a(libc_a-findfp.o)
 .text.__sfp_lock_acquire
                0x0800a300        0xc C:/ST/STM32CubeIDE_1.16.1/STM32CubeIDE/plugins/com.st.stm32cube.ide.mcu.externaltools.gnu-tools-for-stm32.12.3.rel1.win32_1.0.200.202406191623/tools/bin/../lib/gcc/arm-none-eabi/12.3.1/../../../../arm-none-eabi/lib/thumb/v7e-m+fp/hard\libc_nano.a(libc_a-findfp.o)
                0x0800a300                __sfp_lock_acquire
 .text.__sfp_lock_release
                0x0800a30c        0xc C:/ST/STM32CubeIDE_1.16.1/STM32CubeIDE/plugins/com.st.stm32cube.ide.mcu.externaltools.gnu-tools-for-stm32.12.3.rel1.win32_1.0.200.202406191623/tools/bin/../lib/gcc/arm-none-eabi/12.3.1/../../../../arm-none-eabi/lib/thumb/v7e-m+fp/hard\libc_nano.a(libc_a-findfp.o)
                0x0800a30c                __sfp_lock_release
 .text.__sinit  0x0800a318       0x30 C:/ST/STM32CubeIDE_1.16.1/STM32CubeIDE/plugins/com.st.stm32cube.ide.mcu.externaltools.gnu-tools-for-stm32.12.3.rel1.win32_1.0.200.202406191623/tools/bin/../lib/gcc/arm-none-eabi/12.3.1/../../../../arm-none-eabi/lib/thumb/v7e-m+fp/hard\libc_nano.a(libc_a-findfp.o)
                0x0800a318                __sinit
 .text._fwalk_sglue
                0x0800a348       0x3c C:/ST/STM32CubeIDE_1.16.1/STM32CubeIDE/plugins/com.st.stm32cube.ide.mcu.externaltools.gnu-tools-for-stm32.12.3.rel1.win32_1.0.200.202406191623/tools/bin/../lib/gcc/arm-none-eabi/12.3.1/../../../../arm-none-eabi/lib/thumb/v7e-m+fp/hard\libc_nano.a(libc_a-fwalk.o)
                0x0800a348                _fwalk_sglue
 .text.snprintf
                0x0800a384       0x68 C:/ST/STM32CubeIDE_1.16.1/STM32CubeIDE/plugins/com.st.stm32cube.ide.mcu.externaltools.gnu-tools-for-stm32.12.3.rel1.win32_1.0.200.202406191623/tools/bin/../lib/gcc/arm-none-eabi/12.3.1/../../../../arm-none-eabi/lib/thumb/v7e-m+fp/hard\libc_nano.a(libc_a-snprintf.o)
                0x0800a384                sniprintf
                0x0800a384                snprintf
 .text.__sread  0x0800a3ec       0x22 C:/ST/STM32CubeIDE_1.16.1/STM32CubeIDE/plugins/com.st.stm32cube.ide.mcu.externaltools.gnu-tools-for-stm32.12.3.rel1.win32_1.0.200.202406191623/tools/bin/../lib/gcc/arm-none-eabi/12.3.1/../../../../arm-none-eabi/lib/thumb/v7e-m+fp/hard\libc_nano.a(libc_a-stdio.o)
                0x0800a3ec                __sread
 .text.__swrite
                0x0800a40e       0x38 C:/ST/STM32CubeIDE_1.16.1/STM32CubeIDE/plugins/com.st.stm32cube.ide.mcu.externaltools.gnu-tools-for-stm32.12.3.rel1.win32_1.0.200.202406191623/tools/bin/../lib/gcc/arm-none-eabi/12.3.1/../../../../arm-none-eabi/lib/thumb/v7e-m+fp/hard\libc_nano.a(libc_a-stdio.o)
                0x0800a40e                __swrite
 .text.__sseek  0x0800a446       0x24 C:/ST/STM32CubeIDE_1.16.1/STM32CubeIDE/plugins/com.st.stm32cube.ide.mcu.externaltools.gnu-tools-for-stm32.12.3.rel1.win32_1.0.200.202406191623/tools/bin/../lib/gcc/arm-none-eabi/12.3.1/../../../../arm-none-eabi/lib/thumb/v7e-m+fp/hard\libc_nano.a(libc_a-stdio.o)
                0x0800a446                __sseek
 .text.__sclose
                0x0800a46a        0x8 C:/ST/STM32CubeIDE_1.16.1/STM32CubeIDE/plugins/com.st.stm32cube.ide.mcu.externaltools.gnu-tools-for-stm32.12.3.rel1.win32_1.0.200.202406191623/tools/bin/../lib/gcc/arm-none-eabi/12.3.1/../../../../arm-none-eabi/lib/thumb/v7e-m+fp/hard\libc_nano.a(libc_a-stdio.o)
                0x0800a46a                __sclose
 .text.memset   0x0800a472       0x10 C:/ST/STM32CubeIDE_1.16.1/STM32CubeIDE/plugins/com.st.stm32cube.ide.mcu.externaltools.gnu-tools-for-stm32.12.3.rel1.win32_1.0.200.202406191623/tools/bin/../lib/gcc/arm-none-eabi/12.3.1/../../../../arm-none-eabi/lib/thumb/v7e-m+fp/hard\libc_nano.a(libc_a-memset.o)
                0x0800a472                memset
 .text.strncpy  0x0800a482       0x26 C:/ST/STM32CubeIDE_1.16.1/STM32CubeIDE/plugins/com.st.stm32cube.ide.mcu.externaltools.gnu-tools-for-stm32.12.3.rel1.win32_1.0.200.202406191623/tools/bin/../lib/gcc/arm-none-eabi/12.3.1/../../../../arm-none-eabi/lib/thumb/v7e-m+fp/hard\libc_nano.a(libc_a-strncpy.o)
                0x0800a482                strncpy
 .text.strtok   0x0800a4a8       0x68 C:/ST/STM32CubeIDE_1.16.1/STM32CubeIDE/plugins/com.st.stm32cube.ide.mcu.externaltools.gnu-tools-for-stm32.12.3.rel1.win32_1.0.200.202406191623/tools/bin/../lib/gcc/arm-none-eabi/12.3.1/../../../../arm-none-eabi/lib/thumb/v7e-m+fp/hard\libc_nano.a(libc_a-strtok.o)
                0x0800a4a8                strtok
 .text.__strtok_r
                0x0800a510       0x50 C:/ST/STM32CubeIDE_1.16.1/STM32CubeIDE/plugins/com.st.stm32cube.ide.mcu.externaltools.gnu-tools-for-stm32.12.3.rel1.win32_1.0.200.202406191623/tools/bin/../lib/gcc/arm-none-eabi/12.3.1/../../../../arm-none-eabi/lib/thumb/v7e-m+fp/hard\libc_nano.a(libc_a-strtok_r.o)
                0x0800a510                __strtok_r
 .text._close_r
                0x0800a560       0x20 C:/ST/STM32CubeIDE_1.16.1/STM32CubeIDE/plugins/com.st.stm32cube.ide.mcu.externaltools.gnu-tools-for-stm32.12.3.rel1.win32_1.0.200.202406191623/tools/bin/../lib/gcc/arm-none-eabi/12.3.1/../../../../arm-none-eabi/lib/thumb/v7e-m+fp/hard\libc_nano.a(libc_a-closer.o)
                0x0800a560                _close_r
 .text._lseek_r
                0x0800a580       0x24 C:/ST/STM32CubeIDE_1.16.1/STM32CubeIDE/plugins/com.st.stm32cube.ide.mcu.externaltools.gnu-tools-for-stm32.12.3.rel1.win32_1.0.200.202406191623/tools/bin/../lib/gcc/arm-none-eabi/12.3.1/../../../../arm-none-eabi/lib/thumb/v7e-m+fp/hard\libc_nano.a(libc_a-lseekr.o)
                0x0800a580                _lseek_r
 .text._read_r  0x0800a5a4       0x24 C:/ST/STM32CubeIDE_1.16.1/STM32CubeIDE/plugins/com.st.stm32cube.ide.mcu.externaltools.gnu-tools-for-stm32.12.3.rel1.win32_1.0.200.202406191623/tools/bin/../lib/gcc/arm-none-eabi/12.3.1/../../../../arm-none-eabi/lib/thumb/v7e-m+fp/hard\libc_nano.a(libc_a-readr.o)
                0x0800a5a4                _read_r
 .text._write_r
                0x0800a5c8       0x24 C:/ST/STM32CubeIDE_1.16.1/STM32CubeIDE/plugins/com.st.stm32cube.ide.mcu.externaltools.gnu-tools-for-stm32.12.3.rel1.win32_1.0.200.202406191623/tools/bin/../lib/gcc/arm-none-eabi/12.3.1/../../../../arm-none-eabi/lib/thumb/v7e-m+fp/hard\libc_nano.a(libc_a-writer.o)
                0x0800a5c8                _write_r
 .text.__errno  0x0800a5ec        0xc C:/ST/STM32CubeIDE_1.16.1/STM32CubeIDE/plugins/com.st.stm32cube.ide.mcu.externaltools.gnu-tools-for-stm32.12.3.rel1.win32_1.0.200.202406191623/tools/bin/../lib/gcc/arm-none-eabi/12.3.1/../../../../arm-none-eabi/lib/thumb/v7e-m+fp/hard\libc_nano.a(libc_a-errno.o)
                0x0800a5ec                __errno
 .text.__libc_init_array
                0x0800a5f8       0x48 C:/ST/STM32CubeIDE_1.16.1/STM32CubeIDE/plugins/com.st.stm32cube.ide.mcu.externaltools.gnu-tools-for-stm32.12.3.rel1.win32_1.0.200.202406191623/tools/bin/../lib/gcc/arm-none-eabi/12.3.1/../../../../arm-none-eabi/lib/thumb/v7e-m+fp/hard\libc_nano.a(libc_a-init.o)
                0x0800a5f8                __libc_init_array
 .text.__retarget_lock_init_recursive
                0x0800a640        0x2 C:/ST/STM32CubeIDE_1.16.1/STM32CubeIDE/plugins/com.st.stm32cube.ide.mcu.externaltools.gnu-tools-for-stm32.12.3.rel1.win32_1.0.200.202406191623/tools/bin/../lib/gcc/arm-none-eabi/12.3.1/../../../../arm-none-eabi/lib/thumb/v7e-m+fp/hard\libc_nano.a(libc_a-lock.o)
                0x0800a640                __retarget_lock_init_recursive
 .text.__retarget_lock_acquire_recursive
                0x0800a642        0x2 C:/ST/STM32CubeIDE_1.16.1/STM32CubeIDE/plugins/com.st.stm32cube.ide.mcu.externaltools.gnu-tools-for-stm32.12.3.rel1.win32_1.0.200.202406191623/tools/bin/../lib/gcc/arm-none-eabi/12.3.1/../../../../arm-none-eabi/lib/thumb/v7e-m+fp/hard\libc_nano.a(libc_a-lock.o)
                0x0800a642                __retarget_lock_acquire_recursive
 .text.__retarget_lock_release_recursive
                0x0800a644        0x2 C:/ST/STM32CubeIDE_1.16.1/STM32CubeIDE/plugins/com.st.stm32cube.ide.mcu.externaltools.gnu-tools-for-stm32.12.3.rel1.win32_1.0.200.202406191623/tools/bin/../lib/gcc/arm-none-eabi/12.3.1/../../../../arm-none-eabi/lib/thumb/v7e-m+fp/hard\libc_nano.a(libc_a-lock.o)
                0x0800a644                __retarget_lock_release_recursive
 *fill*         0x0800a646        0x2 
 .text.__assert_func
                0x0800a648       0x3c C:/ST/STM32CubeIDE_1.16.1/STM32CubeIDE/plugins/com.st.stm32cube.ide.mcu.externaltools.gnu-tools-for-stm32.12.3.rel1.win32_1.0.200.202406191623/tools/bin/../lib/gcc/arm-none-eabi/12.3.1/../../../../arm-none-eabi/lib/thumb/v7e-m+fp/hard\libc_nano.a(libc_a-assert.o)
                0x0800a648                __assert_func
 .text._free_r  0x0800a684       0x94 C:/ST/STM32CubeIDE_1.16.1/STM32CubeIDE/plugins/com.st.stm32cube.ide.mcu.externaltools.gnu-tools-for-stm32.12.3.rel1.win32_1.0.200.202406191623/tools/bin/../lib/gcc/arm-none-eabi/12.3.1/../../../../arm-none-eabi/lib/thumb/v7e-m+fp/hard\libc_nano.a(libc_a-freer.o)
                0x0800a684                _free_r
 .text.malloc   0x0800a718       0x10 C:/ST/STM32CubeIDE_1.16.1/STM32CubeIDE/plugins/com.st.stm32cube.ide.mcu.externaltools.gnu-tools-for-stm32.12.3.rel1.win32_1.0.200.202406191623/tools/bin/../lib/gcc/arm-none-eabi/12.3.1/../../../../arm-none-eabi/lib/thumb/v7e-m+fp/hard\libc_nano.a(libc_a-malloc.o)
                0x0800a718                malloc
 .text.sbrk_aligned
                0x0800a728       0x44 C:/ST/STM32CubeIDE_1.16.1/STM32CubeIDE/plugins/com.st.stm32cube.ide.mcu.externaltools.gnu-tools-for-stm32.12.3.rel1.win32_1.0.200.202406191623/tools/bin/../lib/gcc/arm-none-eabi/12.3.1/../../../../arm-none-eabi/lib/thumb/v7e-m+fp/hard\libc_nano.a(libc_a-mallocr.o)
 .text._malloc_r
                0x0800a76c      0x100 C:/ST/STM32CubeIDE_1.16.1/STM32CubeIDE/plugins/com.st.stm32cube.ide.mcu.externaltools.gnu-tools-for-stm32.12.3.rel1.win32_1.0.200.202406191623/tools/bin/../lib/gcc/arm-none-eabi/12.3.1/../../../../arm-none-eabi/lib/thumb/v7e-m+fp/hard\libc_nano.a(libc_a-mallocr.o)
                0x0800a76c                _malloc_r
 .text.__malloc_lock
                0x0800a86c        0xc C:/ST/STM32CubeIDE_1.16.1/STM32CubeIDE/plugins/com.st.stm32cube.ide.mcu.externaltools.gnu-tools-for-stm32.12.3.rel1.win32_1.0.200.202406191623/tools/bin/../lib/gcc/arm-none-eabi/12.3.1/../../../../arm-none-eabi/lib/thumb/v7e-m+fp/hard\libc_nano.a(libc_a-mlock.o)
                0x0800a86c                __malloc_lock
 .text.__malloc_unlock
                0x0800a878        0xc C:/ST/STM32CubeIDE_1.16.1/STM32CubeIDE/plugins/com.st.stm32cube.ide.mcu.externaltools.gnu-tools-for-stm32.12.3.rel1.win32_1.0.200.202406191623/tools/bin/../lib/gcc/arm-none-eabi/12.3.1/../../../../arm-none-eabi/lib/thumb/v7e-m+fp/hard\libc_nano.a(libc_a-mlock.o)
                0x0800a878                __malloc_unlock
 .text.__ssputs_r
                0x0800a884       0xb6 C:/ST/STM32CubeIDE_1.16.1/STM32CubeIDE/plugins/com.st.stm32cube.ide.mcu.externaltools.gnu-tools-for-stm32.12.3.rel1.win32_1.0.200.202406191623/tools/bin/../lib/gcc/arm-none-eabi/12.3.1/../../../../arm-none-eabi/lib/thumb/v7e-m+fp/hard\libc_nano.a(libc_a-nano-svfprintf.o)
                0x0800a884                __ssputs_r
 *fill*         0x0800a93a        0x2 
 .text._svfprintf_r
                0x0800a93c      0x1f8 C:/ST/STM32CubeIDE_1.16.1/STM32CubeIDE/plugins/com.st.stm32cube.ide.mcu.externaltools.gnu-tools-for-stm32.12.3.rel1.win32_1.0.200.202406191623/tools/bin/../lib/gcc/arm-none-eabi/12.3.1/../../../../arm-none-eabi/lib/thumb/v7e-m+fp/hard\libc_nano.a(libc_a-nano-svfprintf.o)
                0x0800a93c                _svfiprintf_r
                0x0800a93c                _svfprintf_r
 .text._printf_common
                0x0800ab34       0xda C:/ST/STM32CubeIDE_1.16.1/STM32CubeIDE/plugins/com.st.stm32cube.ide.mcu.externaltools.gnu-tools-for-stm32.12.3.rel1.win32_1.0.200.202406191623/tools/bin/../lib/gcc/arm-none-eabi/12.3.1/../../../../arm-none-eabi/lib/thumb/v7e-m+fp/hard\libc_nano.a(libc_a-nano-vfprintf_i.o)
                0x0800ab34                _printf_common
 *fill*         0x0800ac0e        0x2 
 .text._printf_i
                0x0800ac10      0x240 C:/ST/STM32CubeIDE_1.16.1/STM32CubeIDE/plugins/com.st.stm32cube.ide.mcu.externaltools.gnu-tools-for-stm32.12.3.rel1.win32_1.0.200.202406191623/tools/bin/../lib/gcc/arm-none-eabi/12.3.1/../../../../arm-none-eabi/lib/thumb/v7e-m+fp/hard\libc_nano.a(libc_a-nano-vfprintf_i.o)
                0x0800ac10                _printf_i
 .text.__sflush_r
                0x0800ae50      0x108 C:/ST/STM32CubeIDE_1.16.1/STM32CubeIDE/plugins/com.st.stm32cube.ide.mcu.externaltools.gnu-tools-for-stm32.12.3.rel1.win32_1.0.200.202406191623/tools/bin/../lib/gcc/arm-none-eabi/12.3.1/../../../../arm-none-eabi/lib/thumb/v7e-m+fp/hard\libc_nano.a(libc_a-fflush.o)
                0x0800ae50                __sflush_r
 .text._fflush_r
                0x0800af58       0x50 C:/ST/STM32CubeIDE_1.16.1/STM32CubeIDE/plugins/com.st.stm32cube.ide.mcu.externaltools.gnu-tools-for-stm32.12.3.rel1.win32_1.0.200.202406191623/tools/bin/../lib/gcc/arm-none-eabi/12.3.1/../../../../arm-none-eabi/lib/thumb/v7e-m+fp/hard\libc_nano.a(libc_a-fflush.o)
                0x0800af58                _fflush_r
 .text.fprintf  0x0800afa8       0x24 C:/ST/STM32CubeIDE_1.16.1/STM32CubeIDE/plugins/com.st.stm32cube.ide.mcu.externaltools.gnu-tools-for-stm32.12.3.rel1.win32_1.0.200.202406191623/tools/bin/../lib/gcc/arm-none-eabi/12.3.1/../../../../arm-none-eabi/lib/thumb/v7e-m+fp/hard\libc_nano.a(libc_a-fprintf.o)
                0x0800afa8                fiprintf
                0x0800afa8                fprintf
 .text.memmove  0x0800afcc       0x34 C:/ST/STM32CubeIDE_1.16.1/STM32CubeIDE/plugins/com.st.stm32cube.ide.mcu.externaltools.gnu-tools-for-stm32.12.3.rel1.win32_1.0.200.202406191623/tools/bin/../lib/gcc/arm-none-eabi/12.3.1/../../../../arm-none-eabi/lib/thumb/v7e-m+fp/hard\libc_nano.a(libc_a-memmove.o)
                0x0800afcc                memmove
 .text._sbrk_r  0x0800b000       0x20 C:/ST/STM32CubeIDE_1.16.1/STM32CubeIDE/plugins/com.st.stm32cube.ide.mcu.externaltools.gnu-tools-for-stm32.12.3.rel1.win32_1.0.200.202406191623/tools/bin/../lib/gcc/arm-none-eabi/12.3.1/../../../../arm-none-eabi/lib/thumb/v7e-m+fp/hard\libc_nano.a(libc_a-sbrkr.o)
                0x0800b000                _sbrk_r
 .text.memcpy   0x0800b020       0x1c C:/ST/STM32CubeIDE_1.16.1/STM32CubeIDE/plugins/com.st.stm32cube.ide.mcu.externaltools.gnu-tools-for-stm32.12.3.rel1.win32_1.0.200.202406191623/tools/bin/../lib/gcc/arm-none-eabi/12.3.1/../../../../arm-none-eabi/lib/thumb/v7e-m+fp/hard\libc_nano.a(libc_a-memcpy-stub.o)
                0x0800b020                memcpy
 .text.abort    0x0800b03c        0xe C:/ST/STM32CubeIDE_1.16.1/STM32CubeIDE/plugins/com.st.stm32cube.ide.mcu.externaltools.gnu-tools-for-stm32.12.3.rel1.win32_1.0.200.202406191623/tools/bin/../lib/gcc/arm-none-eabi/12.3.1/../../../../arm-none-eabi/lib/thumb/v7e-m+fp/hard\libc_nano.a(libc_a-abort.o)
                0x0800b03c                abort
 .text._realloc_r
                0x0800b04a       0x5c C:/ST/STM32CubeIDE_1.16.1/STM32CubeIDE/plugins/com.st.stm32cube.ide.mcu.externaltools.gnu-tools-for-stm32.12.3.rel1.win32_1.0.200.202406191623/tools/bin/../lib/gcc/arm-none-eabi/12.3.1/../../../../arm-none-eabi/lib/thumb/v7e-m+fp/hard\libc_nano.a(libc_a-reallocr.o)
                0x0800b04a                _realloc_r
 .text.__sfputc_r
                0x0800b0a6       0x2e C:/ST/STM32CubeIDE_1.16.1/STM32CubeIDE/plugins/com.st.stm32cube.ide.mcu.externaltools.gnu-tools-for-stm32.12.3.rel1.win32_1.0.200.202406191623/tools/bin/../lib/gcc/arm-none-eabi/12.3.1/../../../../arm-none-eabi/lib/thumb/v7e-m+fp/hard\libc_nano.a(libc_a-nano-vfprintf.o)
 .text.__sfputs_r
                0x0800b0d4       0x24 C:/ST/STM32CubeIDE_1.16.1/STM32CubeIDE/plugins/com.st.stm32cube.ide.mcu.externaltools.gnu-tools-for-stm32.12.3.rel1.win32_1.0.200.202406191623/tools/bin/../lib/gcc/arm-none-eabi/12.3.1/../../../../arm-none-eabi/lib/thumb/v7e-m+fp/hard\libc_nano.a(libc_a-nano-vfprintf.o)
                0x0800b0d4                __sfputs_r
 .text._vfprintf_r
                0x0800b0f8      0x230 C:/ST/STM32CubeIDE_1.16.1/STM32CubeIDE/plugins/com.st.stm32cube.ide.mcu.externaltools.gnu-tools-for-stm32.12.3.rel1.win32_1.0.200.202406191623/tools/bin/../lib/gcc/arm-none-eabi/12.3.1/../../../../arm-none-eabi/lib/thumb/v7e-m+fp/hard\libc_nano.a(libc_a-nano-vfprintf.o)
                0x0800b0f8                _vfprintf_r
                0x0800b0f8                _vfiprintf_r
 .text.__swbuf_r
                0x0800b328       0x7c C:/ST/STM32CubeIDE_1.16.1/STM32CubeIDE/plugins/com.st.stm32cube.ide.mcu.externaltools.gnu-tools-for-stm32.12.3.rel1.win32_1.0.200.202406191623/tools/bin/../lib/gcc/arm-none-eabi/12.3.1/../../../../arm-none-eabi/lib/thumb/v7e-m+fp/hard\libc_nano.a(libc_a-wbuf.o)
                0x0800b328                __swbuf_r
 .text.__swsetup_r
                0x0800b3a4       0xac C:/ST/STM32CubeIDE_1.16.1/STM32CubeIDE/plugins/com.st.stm32cube.ide.mcu.externaltools.gnu-tools-for-stm32.12.3.rel1.win32_1.0.200.202406191623/tools/bin/../lib/gcc/arm-none-eabi/12.3.1/../../../../arm-none-eabi/lib/thumb/v7e-m+fp/hard\libc_nano.a(libc_a-wsetup.o)
                0x0800b3a4                __swsetup_r
 .text._raise_r
                0x0800b450       0x50 C:/ST/STM32CubeIDE_1.16.1/STM32CubeIDE/plugins/com.st.stm32cube.ide.mcu.externaltools.gnu-tools-for-stm32.12.3.rel1.win32_1.0.200.202406191623/tools/bin/../lib/gcc/arm-none-eabi/12.3.1/../../../../arm-none-eabi/lib/thumb/v7e-m+fp/hard\libc_nano.a(libc_a-signal.o)
                0x0800b450                _raise_r
 .text.raise    0x0800b4a0       0x10 C:/ST/STM32CubeIDE_1.16.1/STM32CubeIDE/plugins/com.st.stm32cube.ide.mcu.externaltools.gnu-tools-for-stm32.12.3.rel1.win32_1.0.200.202406191623/tools/bin/../lib/gcc/arm-none-eabi/12.3.1/../../../../arm-none-eabi/lib/thumb/v7e-m+fp/hard\libc_nano.a(libc_a-signal.o)
                0x0800b4a0                raise
 .text._kill_r  0x0800b4b0       0x24 C:/ST/STM32CubeIDE_1.16.1/STM32CubeIDE/plugins/com.st.stm32cube.ide.mcu.externaltools.gnu-tools-for-stm32.12.3.rel1.win32_1.0.200.202406191623/tools/bin/../lib/gcc/arm-none-eabi/12.3.1/../../../../arm-none-eabi/lib/thumb/v7e-m+fp/hard\libc_nano.a(libc_a-signalr.o)
                0x0800b4b0                _kill_r
 .text._getpid_r
                0x0800b4d4        0x4 C:/ST/STM32CubeIDE_1.16.1/STM32CubeIDE/plugins/com.st.stm32cube.ide.mcu.externaltools.gnu-tools-for-stm32.12.3.rel1.win32_1.0.200.202406191623/tools/bin/../lib/gcc/arm-none-eabi/12.3.1/../../../../arm-none-eabi/lib/thumb/v7e-m+fp/hard\libc_nano.a(libc_a-signalr.o)
                0x0800b4d4                _getpid_r
 .text._malloc_usable_size_r
                0x0800b4d8       0x10 C:/ST/STM32CubeIDE_1.16.1/STM32CubeIDE/plugins/com.st.stm32cube.ide.mcu.externaltools.gnu-tools-for-stm32.12.3.rel1.win32_1.0.200.202406191623/tools/bin/../lib/gcc/arm-none-eabi/12.3.1/../../../../arm-none-eabi/lib/thumb/v7e-m+fp/hard\libc_nano.a(libc_a-msizer.o)
                0x0800b4d8                _malloc_usable_size_r
 .text.__swhatbuf_r
                0x0800b4e8       0x4c C:/ST/STM32CubeIDE_1.16.1/STM32CubeIDE/plugins/com.st.stm32cube.ide.mcu.externaltools.gnu-tools-for-stm32.12.3.rel1.win32_1.0.200.202406191623/tools/bin/../lib/gcc/arm-none-eabi/12.3.1/../../../../arm-none-eabi/lib/thumb/v7e-m+fp/hard\libc_nano.a(libc_a-makebuf.o)
                0x0800b4e8                __swhatbuf_r
 .text.__smakebuf_r
                0x0800b534       0x78 C:/ST/STM32CubeIDE_1.16.1/STM32CubeIDE/plugins/com.st.stm32cube.ide.mcu.externaltools.gnu-tools-for-stm32.12.3.rel1.win32_1.0.200.202406191623/tools/bin/../lib/gcc/arm-none-eabi/12.3.1/../../../../arm-none-eabi/lib/thumb/v7e-m+fp/hard\libc_nano.a(libc_a-makebuf.o)
                0x0800b534                __smakebuf_r
 .text._fstat_r
                0x0800b5ac       0x24 C:/ST/STM32CubeIDE_1.16.1/STM32CubeIDE/plugins/com.st.stm32cube.ide.mcu.externaltools.gnu-tools-for-stm32.12.3.rel1.win32_1.0.200.202406191623/tools/bin/../lib/gcc/arm-none-eabi/12.3.1/../../../../arm-none-eabi/lib/thumb/v7e-m+fp/hard\libc_nano.a(libc_a-fstatr.o)
                0x0800b5ac                _fstat_r
 .text._isatty_r
                0x0800b5d0       0x20 C:/ST/STM32CubeIDE_1.16.1/STM32CubeIDE/plugins/com.st.stm32cube.ide.mcu.externaltools.gnu-tools-for-stm32.12.3.rel1.win32_1.0.200.202406191623/tools/bin/../lib/gcc/arm-none-eabi/12.3.1/../../../../arm-none-eabi/lib/thumb/v7e-m+fp/hard\libc_nano.a(libc_a-isattyr.o)
                0x0800b5d0                _isatty_r
 *(.glue_7)
 .glue_7        0x0800b5f0        0x0 linker stubs
 *(.glue_7t)
 .glue_7t       0x0800b5f0        0x0 linker stubs
 *(.eh_frame)
 .eh_frame      0x0800b5f0        0x0 C:/ST/STM32CubeIDE_1.16.1/STM32CubeIDE/plugins/com.st.stm32cube.ide.mcu.externaltools.gnu-tools-for-stm32.12.3.rel1.win32_1.0.200.202406191623/tools/bin/../lib/gcc/arm-none-eabi/12.3.1/thumb/v7e-m+fp/hard/crtbegin.o
 *(.init)
 .init          0x0800b5f0        0x4 C:/ST/STM32CubeIDE_1.16.1/STM32CubeIDE/plugins/com.st.stm32cube.ide.mcu.externaltools.gnu-tools-for-stm32.12.3.rel1.win32_1.0.200.202406191623/tools/bin/../lib/gcc/arm-none-eabi/12.3.1/thumb/v7e-m+fp/hard/crti.o
                0x0800b5f0                _init
 .init          0x0800b5f4        0x8 C:/ST/STM32CubeIDE_1.16.1/STM32CubeIDE/plugins/com.st.stm32cube.ide.mcu.externaltools.gnu-tools-for-stm32.12.3.rel1.win32_1.0.200.202406191623/tools/bin/../lib/gcc/arm-none-eabi/12.3.1/thumb/v7e-m+fp/hard/crtn.o
 *(.fini)
 .fini          0x0800b5fc        0x4 C:/ST/STM32CubeIDE_1.16.1/STM32CubeIDE/plugins/com.st.stm32cube.ide.mcu.externaltools.gnu-tools-for-stm32.12.3.rel1.win32_1.0.200.202406191623/tools/bin/../lib/gcc/arm-none-eabi/12.3.1/thumb/v7e-m+fp/hard/crti.o
                0x0800b5fc                _fini
 .fini          0x0800b600        0x8 C:/ST/STM32CubeIDE_1.16.1/STM32CubeIDE/plugins/com.st.stm32cube.ide.mcu.externaltools.gnu-tools-for-stm32.12.3.rel1.win32_1.0.200.202406191623/tools/bin/../lib/gcc/arm-none-eabi/12.3.1/thumb/v7e-m+fp/hard/crtn.o
                0x0800b608                        . = ALIGN (0x4)
                0x0800b608                        _etext = .

.vfp11_veneer   0x0800b608        0x0
 .vfp11_veneer  0x0800b608        0x0 linker stubs

.v4_bx          0x0800b608        0x0
 .v4_bx         0x0800b608        0x0 linker stubs

.iplt           0x0800b608        0x0
 .iplt          0x0800b608        0x0 C:/ST/STM32CubeIDE_1.16.1/STM32CubeIDE/plugins/com.st.stm32cube.ide.mcu.externaltools.gnu-tools-for-stm32.12.3.rel1.win32_1.0.200.202406191623/tools/bin/../lib/gcc/arm-none-eabi/12.3.1/thumb/v7e-m+fp/hard/crtbegin.o

.rodata         0x0800b608      0x39c
                0x0800b608                        . = ALIGN (0x4)
 *(.rodata)
 .rodata        0x0800b608      0x157 ./Core/Src/cdc_control.o
 *fill*         0x0800b75f        0x1 
 .rodata        0x0800b760       0x46 ./USB_DEVICE/App/usbd_desc.o
 *(.rodata*)
 *fill*         0x0800b7a6        0x2 
 .rodata.AHBPrescTable
                0x0800b7a8       0x10 ./Core/Src/system_stm32f4xx.o
                0x0800b7a8                AHBPrescTable
 .rodata.APBPrescTable
                0x0800b7b8        0x8 ./Core/Src/system_stm32f4xx.o
                0x0800b7b8                APBPrescTable
 .rodata._ctype_
                0x0800b7c0      0x101 C:/ST/STM32CubeIDE_1.16.1/STM32CubeIDE/plugins/com.st.stm32cube.ide.mcu.externaltools.gnu-tools-for-stm32.12.3.rel1.win32_1.0.200.202406191623/tools/bin/../lib/gcc/arm-none-eabi/12.3.1/../../../../arm-none-eabi/lib/thumb/v7e-m+fp/hard\libc_nano.a(libc_a-ctype_.o)
                0x0800b7c0                _ctype_
 .rodata.strtok.str1.1
                0x0800b8c1       0x71 C:/ST/STM32CubeIDE_1.16.1/STM32CubeIDE/plugins/com.st.stm32cube.ide.mcu.externaltools.gnu-tools-for-stm32.12.3.rel1.win32_1.0.200.202406191623/tools/bin/../lib/gcc/arm-none-eabi/12.3.1/../../../../arm-none-eabi/lib/thumb/v7e-m+fp/hard\libc_nano.a(libc_a-strtok.o)
 .rodata.__assert_func.str1.1
                0x0800b932       0x3c C:/ST/STM32CubeIDE_1.16.1/STM32CubeIDE/plugins/com.st.stm32cube.ide.mcu.externaltools.gnu-tools-for-stm32.12.3.rel1.win32_1.0.200.202406191623/tools/bin/../lib/gcc/arm-none-eabi/12.3.1/../../../../arm-none-eabi/lib/thumb/v7e-m+fp/hard\libc_nano.a(libc_a-assert.o)
                                 0x3d (size before relaxing)
 .rodata._svfprintf_r.str1.1
                0x0800b96e       0x11 C:/ST/STM32CubeIDE_1.16.1/STM32CubeIDE/plugins/com.st.stm32cube.ide.mcu.externaltools.gnu-tools-for-stm32.12.3.rel1.win32_1.0.200.202406191623/tools/bin/../lib/gcc/arm-none-eabi/12.3.1/../../../../arm-none-eabi/lib/thumb/v7e-m+fp/hard\libc_nano.a(libc_a-nano-svfprintf.o)
 .rodata._printf_i.str1.1
                0x0800b97f       0x22 C:/ST/STM32CubeIDE_1.16.1/STM32CubeIDE/plugins/com.st.stm32cube.ide.mcu.externaltools.gnu-tools-for-stm32.12.3.rel1.win32_1.0.200.202406191623/tools/bin/../lib/gcc/arm-none-eabi/12.3.1/../../../../arm-none-eabi/lib/thumb/v7e-m+fp/hard\libc_nano.a(libc_a-nano-vfprintf_i.o)
 .rodata._vfprintf_r.str1.1
                0x0800b9a1       0x11 C:/ST/STM32CubeIDE_1.16.1/STM32CubeIDE/plugins/com.st.stm32cube.ide.mcu.externaltools.gnu-tools-for-stm32.12.3.rel1.win32_1.0.200.202406191623/tools/bin/../lib/gcc/arm-none-eabi/12.3.1/../../../../arm-none-eabi/lib/thumb/v7e-m+fp/hard\libc_nano.a(libc_a-nano-vfprintf.o)
                0x0800b9b4                        . = ALIGN (0x4)
 *fill*         0x0800b9a1        0x3 

.ARM.extab      0x0800b9a4        0x0
                0x0800b9a4                        . = ALIGN (0x4)
 *(.ARM.extab* .gnu.linkonce.armextab.*)
                0x0800b9a4                        . = ALIGN (0x4)

.ARM            0x0800b9a4        0x8
                0x0800b9a4                        . = ALIGN (0x4)
                0x0800b9a4                        __exidx_start = .
 *(.ARM.exidx*)
 .ARM.exidx     0x0800b9a4        0x8 C:/ST/STM32CubeIDE_1.16.1/STM32CubeIDE/plugins/com.st.stm32cube.ide.mcu.externaltools.gnu-tools-for-stm32.12.3.rel1.win32_1.0.200.202406191623/tools/bin/../lib/gcc/arm-none-eabi/12.3.1/../../../../arm-none-eabi/lib/thumb/v7e-m+fp/hard\libc_nano.a(libc_a-strcmp.o)
 .ARM.exidx     0x0800b9ac        0x0 C:/ST/STM32CubeIDE_1.16.1/STM32CubeIDE/plugins/com.st.stm32cube.ide.mcu.externaltools.gnu-tools-for-stm32.12.3.rel1.win32_1.0.200.202406191623/tools/bin/../lib/gcc/arm-none-eabi/12.3.1/../../../../arm-none-eabi/lib/thumb/v7e-m+fp/hard\libc_nano.a(libc_a-strlen.o)
                                  0x8 (size before relaxing)
 .ARM.exidx     0x0800b9ac        0x0 C:/ST/STM32CubeIDE_1.16.1/STM32CubeIDE/plugins/com.st.stm32cube.ide.mcu.externaltools.gnu-tools-for-stm32.12.3.rel1.win32_1.0.200.202406191623/tools/bin/../lib/gcc/arm-none-eabi/12.3.1/../../../../arm-none-eabi/lib/thumb/v7e-m+fp/hard\libc_nano.a(libc_a-memchr.o)
                                  0x8 (size before relaxing)
 .ARM.exidx     0x0800b9ac        0x0 C:/ST/STM32CubeIDE_1.16.1/STM32CubeIDE/plugins/com.st.stm32cube.ide.mcu.externaltools.gnu-tools-for-stm32.12.3.rel1.win32_1.0.200.202406191623/tools/bin/../lib/gcc/arm-none-eabi/12.3.1/thumb/v7e-m+fp/hard\libgcc.a(_udivmoddi4.o)
                                  0x8 (size before relaxing)
                0x0800b9ac                        __exidx_end = .
                0x0800b9ac                        . = ALIGN (0x4)

.preinit_array  0x0800b9ac        0x0
                0x0800b9ac                        . = ALIGN (0x4)
                0x0800b9ac                        PROVIDE (__preinit_array_start = .)
 *(.preinit_array*)
                0x0800b9ac                        PROVIDE (__preinit_array_end = .)
                0x0800b9ac                        . = ALIGN (0x4)

.init_array     0x0800b9ac        0x4
                0x0800b9ac                        . = ALIGN (0x4)
                0x0800b9ac                        PROVIDE (__init_array_start = .)
 *(SORT_BY_NAME(.init_array.*))
 *(.init_array*)
 .init_array    0x0800b9ac        0x4 C:/ST/STM32CubeIDE_1.16.1/STM32CubeIDE/plugins/com.st.stm32cube.ide.mcu.externaltools.gnu-tools-for-stm32.12.3.rel1.win32_1.0.200.202406191623/tools/bin/../lib/gcc/arm-none-eabi/12.3.1/thumb/v7e-m+fp/hard/crtbegin.o
                0x0800b9b0                        PROVIDE (__init_array_end = .)
                0x0800b9b0                        . = ALIGN (0x4)

.fini_array     0x0800b9b0        0x4
                0x0800b9b0                        . = ALIGN (0x4)
                [!provide]                        PROVIDE (__fini_array_start = .)
 *(SORT_BY_NAME(.fini_array.*))
 *(.fini_array*)
 .fini_array    0x0800b9b0        0x4 C:/ST/STM32CubeIDE_1.16.1/STM32CubeIDE/plugins/com.st.stm32cube.ide.mcu.externaltools.gnu-tools-for-stm32.12.3.rel1.win32_1.0.200.202406191623/tools/bin/../lib/gcc/arm-none-eabi/12.3.1/thumb/v7e-m+fp/hard/crtbegin.o
                [!provide]                        PROVIDE (__fini_array_end = .)
                0x0800b9b4                        . = ALIGN (0x4)
                0x0800b9b4                        _sidata = LOADADDR (.data)

.rel.dyn        0x0800b9b4        0x0
 .rel.iplt      0x0800b9b4        0x0 C:/ST/STM32CubeIDE_1.16.1/STM32CubeIDE/plugins/com.st.stm32cube.ide.mcu.externaltools.gnu-tools-for-stm32.12.3.rel1.win32_1.0.200.202406191623/tools/bin/../lib/gcc/arm-none-eabi/12.3.1/thumb/v7e-m+fp/hard/crtbegin.o

.data           0x20000000      0x160 load address 0x0800b9b4
                0x20000000                        . = ALIGN (0x4)
                0x20000000                        _sdata = .
 *(.data)
 *(.data*)
 .data.message_ready
                0x20000000        0x4 ./Core/Src/cdc_control.o
                0x20000000                message_ready
 .data.HX711_gain
                0x20000004        0x1 ./Core/Src/hx711.o
 *fill*         0x20000005        0x3 
 .data.SystemCoreClock
                0x20000008        0x4 ./Core/Src/system_stm32f4xx.o
                0x20000008                SystemCoreClock
 .data.uwTickPrio
                0x2000000c        0x4 ./Drivers/STM32F4xx_HAL_Driver/Src/stm32f4xx_hal.o
                0x2000000c                uwTickPrio
 .data.uwTickFreq
                0x20000010        0x1 ./Drivers/STM32F4xx_HAL_Driver/Src/stm32f4xx_hal.o
                0x20000010                uwTickFreq
 *fill*         0x20000011        0x3 
 .data.USBD_CDC_DeviceQualifierDesc
                0x20000014        0xa ./Middlewares/ST/STM32_USB_Device_Library/Class/CDC/Src/usbd_cdc.o
 *fill*         0x2000001e        0x2 
 .data.USBD_CDC
                0x20000020       0x38 ./Middlewares/ST/STM32_USB_Device_Library/Class/CDC/Src/usbd_cdc.o
                0x20000020                USBD_CDC
 .data.USBD_CDC_CfgDesc
                0x20000058       0x43 ./Middlewares/ST/STM32_USB_Device_Library/Class/CDC/Src/usbd_cdc.o
 .data.CDCInEpAdd
                0x2000009b        0x1 ./Middlewares/ST/STM32_USB_Device_Library/Class/CDC/Src/usbd_cdc.o
 .data.CDCOutEpAdd
                0x2000009c        0x1 ./Middlewares/ST/STM32_USB_Device_Library/Class/CDC/Src/usbd_cdc.o
 .data.CDCCmdEpAdd
                0x2000009d        0x1 ./Middlewares/ST/STM32_USB_Device_Library/Class/CDC/Src/usbd_cdc.o
 *fill*         0x2000009e        0x2 
 .data.USBD_Interface_fops_FS
                0x200000a0       0x14 ./USB_DEVICE/App/usbd_cdc_if.o
                0x200000a0                USBD_Interface_fops_FS
 .data.FS_Desc  0x200000b4       0x1c ./USB_DEVICE/App/usbd_desc.o
                0x200000b4                FS_Desc
 .data.USBD_FS_DeviceDesc
                0x200000d0       0x12 ./USB_DEVICE/App/usbd_desc.o
                0x200000d0                USBD_FS_DeviceDesc
 *fill*         0x200000e2        0x2 
 .data.USBD_LangIDDesc
                0x200000e4        0x4 ./USB_DEVICE/App/usbd_desc.o
                0x200000e4                USBD_LangIDDesc
 .data.USBD_StringSerial
                0x200000e8       0x1a ./USB_DEVICE/App/usbd_desc.o
                0x200000e8                USBD_StringSerial
 *fill*         0x20000102        0x2 
 .data.__sglue  0x20000104        0xc C:/ST/STM32CubeIDE_1.16.1/STM32CubeIDE/plugins/com.st.stm32cube.ide.mcu.externaltools.gnu-tools-for-stm32.12.3.rel1.win32_1.0.200.202406191623/tools/bin/../lib/gcc/arm-none-eabi/12.3.1/../../../../arm-none-eabi/lib/thumb/v7e-m+fp/hard\libc_nano.a(libc_a-findfp.o)
                0x20000104                __sglue
 .data._impure_ptr
                0x20000110        0x4 C:/ST/STM32CubeIDE_1.16.1/STM32CubeIDE/plugins/com.st.stm32cube.ide.mcu.externaltools.gnu-tools-for-stm32.12.3.rel1.win32_1.0.200.202406191623/tools/bin/../lib/gcc/arm-none-eabi/12.3.1/../../../../arm-none-eabi/lib/thumb/v7e-m+fp/hard\libc_nano.a(libc_a-impure.o)
                0x20000110                _impure_ptr
 .data._impure_data
                0x20000114       0x4c C:/ST/STM32CubeIDE_1.16.1/STM32CubeIDE/plugins/com.st.stm32cube.ide.mcu.externaltools.gnu-tools-for-stm32.12.3.rel1.win32_1.0.200.202406191623/tools/bin/../lib/gcc/arm-none-eabi/12.3.1/../../../../arm-none-eabi/lib/thumb/v7e-m+fp/hard\libc_nano.a(libc_a-impure.o)
                0x20000114                _impure_data
 *(.RamFunc)
 *(.RamFunc*)
                0x20000160                        . = ALIGN (0x4)
                0x20000160                        _edata = .

.igot.plt       0x20000160        0x0 load address 0x0800bb14
 .igot.plt      0x20000160        0x0 C:/ST/STM32CubeIDE_1.16.1/STM32CubeIDE/plugins/com.st.stm32cube.ide.mcu.externaltools.gnu-tools-for-stm32.12.3.rel1.win32_1.0.200.202406191623/tools/bin/../lib/gcc/arm-none-eabi/12.3.1/thumb/v7e-m+fp/hard/crtbegin.o
                0x20000160                        . = ALIGN (0x4)

.bss            0x20000160     0x1ec8 load address 0x0800bb14
                0x20000160                        _sbss = .
                0x20000160                        __bss_start__ = _sbss
 *(.bss)
 .bss           0x20000160       0x1c C:/ST/STM32CubeIDE_1.16.1/STM32CubeIDE/plugins/com.st.stm32cube.ide.mcu.externaltools.gnu-tools-for-stm32.12.3.rel1.win32_1.0.200.202406191623/tools/bin/../lib/gcc/arm-none-eabi/12.3.1/thumb/v7e-m+fp/hard/crtbegin.o
 *(.bss*)
 .bss.hi2c1     0x2000017c       0x54 ./Core/Src/main.o
                0x2000017c                hi2c1
 .bss.htim2     0x200001d0       0x48 ./Core/Src/main.o
                0x200001d0                htim2
 .bss.htim3     0x20000218       0x48 ./Core/Src/main.o
                0x20000218                htim3
 .bss.htim4     0x20000260       0x48 ./Core/Src/main.o
                0x20000260                htim4
 .bss.htim5     0x200002a8       0x48 ./Core/Src/main.o
                0x200002a8                htim5
 .bss.__sbrk_heap_end
                0x200002f0        0x4 ./Core/Src/sysmem.o
 .bss.uwTick    0x200002f4        0x4 ./Drivers/STM32F4xx_HAL_Driver/Src/stm32f4xx_hal.o
                0x200002f4                uwTick
 .bss.cfgidx.0  0x200002f8        0x1 ./Middlewares/ST/STM32_USB_Device_Library/Core/Src/usbd_ctlreq.o
 *fill*         0x200002f9        0x3 
 .bss.hUsbDeviceFS
                0x200002fc      0x2dc ./USB_DEVICE/App/usb_device.o
                0x200002fc                hUsbDeviceFS
 .bss.UserRxBufferFS
                0x200005d8      0x800 ./USB_DEVICE/App/usbd_cdc_if.o
                0x200005d8                UserRxBufferFS
 .bss.UserTxBufferFS
                0x20000dd8      0x800 ./USB_DEVICE/App/usbd_cdc_if.o
                0x20000dd8                UserTxBufferFS
 .bss.USBD_StrDesc
                0x200015d8      0x200 ./USB_DEVICE/App/usbd_desc.o
                0x200015d8                USBD_StrDesc
 .bss.hpcd_USB_OTG_FS
                0x200017d8      0x4e4 ./USB_DEVICE/Target/usbd_conf.o
                0x200017d8                hpcd_USB_OTG_FS
 .bss.mem.0     0x20001cbc      0x220 ./USB_DEVICE/Target/usbd_conf.o
 .bss.__sf      0x20001edc      0x138 C:/ST/STM32CubeIDE_1.16.1/STM32CubeIDE/plugins/com.st.stm32cube.ide.mcu.externaltools.gnu-tools-for-stm32.12.3.rel1.win32_1.0.200.202406191623/tools/bin/../lib/gcc/arm-none-eabi/12.3.1/../../../../arm-none-eabi/lib/thumb/v7e-m+fp/hard\libc_nano.a(libc_a-findfp.o)
                0x20001edc                __sf
 .bss.__stdio_exit_handler
                0x20002014        0x4 C:/ST/STM32CubeIDE_1.16.1/STM32CubeIDE/plugins/com.st.stm32cube.ide.mcu.externaltools.gnu-tools-for-stm32.12.3.rel1.win32_1.0.200.202406191623/tools/bin/../lib/gcc/arm-none-eabi/12.3.1/../../../../arm-none-eabi/lib/thumb/v7e-m+fp/hard\libc_nano.a(libc_a-findfp.o)
                0x20002014                __stdio_exit_handler
 .bss.errno     0x20002018        0x4 C:/ST/STM32CubeIDE_1.16.1/STM32CubeIDE/plugins/com.st.stm32cube.ide.mcu.externaltools.gnu-tools-for-stm32.12.3.rel1.win32_1.0.200.202406191623/tools/bin/../lib/gcc/arm-none-eabi/12.3.1/../../../../arm-none-eabi/lib/thumb/v7e-m+fp/hard\libc_nano.a(libc_a-reent.o)
                0x20002018                errno
 .bss.__lock___malloc_recursive_mutex
                0x2000201c        0x1 C:/ST/STM32CubeIDE_1.16.1/STM32CubeIDE/plugins/com.st.stm32cube.ide.mcu.externaltools.gnu-tools-for-stm32.12.3.rel1.win32_1.0.200.202406191623/tools/bin/../lib/gcc/arm-none-eabi/12.3.1/../../../../arm-none-eabi/lib/thumb/v7e-m+fp/hard\libc_nano.a(libc_a-lock.o)
                0x2000201c                __lock___malloc_recursive_mutex
 .bss.__lock___sfp_recursive_mutex
                0x2000201d        0x1 C:/ST/STM32CubeIDE_1.16.1/STM32CubeIDE/plugins/com.st.stm32cube.ide.mcu.externaltools.gnu-tools-for-stm32.12.3.rel1.win32_1.0.200.202406191623/tools/bin/../lib/gcc/arm-none-eabi/12.3.1/../../../../arm-none-eabi/lib/thumb/v7e-m+fp/hard\libc_nano.a(libc_a-lock.o)
                0x2000201d                __lock___sfp_recursive_mutex
 *fill*         0x2000201e        0x2 
 .bss.__malloc_sbrk_start
                0x20002020        0x4 C:/ST/STM32CubeIDE_1.16.1/STM32CubeIDE/plugins/com.st.stm32cube.ide.mcu.externaltools.gnu-tools-for-stm32.12.3.rel1.win32_1.0.200.202406191623/tools/bin/../lib/gcc/arm-none-eabi/12.3.1/../../../../arm-none-eabi/lib/thumb/v7e-m+fp/hard\libc_nano.a(libc_a-mallocr.o)
                0x20002020                __malloc_sbrk_start
 .bss.__malloc_free_list
                0x20002024        0x4 C:/ST/STM32CubeIDE_1.16.1/STM32CubeIDE/plugins/com.st.stm32cube.ide.mcu.externaltools.gnu-tools-for-stm32.12.3.rel1.win32_1.0.200.202406191623/tools/bin/../lib/gcc/arm-none-eabi/12.3.1/../../../../arm-none-eabi/lib/thumb/v7e-m+fp/hard\libc_nano.a(libc_a-mallocr.o)
                0x20002024                __malloc_free_list
 *(COMMON)
                0x20002028                        . = ALIGN (0x4)
                0x20002028                        _ebss = .
                0x20002028                        __bss_end__ = _ebss

._user_heap_stack
                0x20002028      0x600 load address 0x0800bb14
                0x20002028                        . = ALIGN (0x8)
                [!provide]                        PROVIDE (end = .)
                0x20002028                        PROVIDE (_end = .)
                0x20002228                        . = (. + _Min_Heap_Size)