../Core/Src/cdc_control.c:15:6:CDC_GetPWMDutyCycle	64	static
../Core/Src/cdc_control.c:24:6:CDC_SendResponse	16	static
../Core/Src/cdc_control.c:31:6:CDC_ReceiveCallback	16	static
../Core/Src/cdc_control.c:41:6:CDC_Init	8	static
../Core/Src/cdc_control.c:46:6:trim_command	24	static
../Core/Src/cdc_control.c:56:5:parse_command	128	static
../Core/Src/cdc_control.c:85:6:CDC_GPIOHandler	88	static
../Core/Src/cdc_control.c:112:6:CDC_POTHandler	88	static
../Core/Src/cdc_control.c:141:6:CDC_HX711Handler	88	static
../Core/Src/cdc_control.c:171:6:CDC_ProcessCommand	344	static
